Partition Merge report for partyBox
Tue Feb 07 09:38:32 2023
Quartus Prime Version 18.1.0 Build 625 09/12/2018 SJ Lite Edition


---------------------
; Table of Contents ;
---------------------
  1. Legal Notice
  2. Partition Merge Summary
  3. Partition Merge Netlist Types Used
  4. Partition Merge Partition Statistics
  5. Partition Merge Partition Pin Processing
  6. Partition Merge Resource Usage Summary
  7. Partition Merge Messages



----------------
; Legal Notice ;
----------------
Copyright (C) 2018  Intel Corporation. All rights reserved.
Your use of Intel Corporation's design tools, logic functions 
and other software and tools, and its AMPP partner logic 
functions, and any output files from any of the foregoing 
(including device programming or simulation files), and any 
associated documentation or information are expressly subject 
to the terms and conditions of the Intel Program License 
Subscription Agreement, the Intel Quartus Prime License Agreement,
the Intel FPGA IP License Agreement, or other applicable license
agreement, including, without limitation, that your use is for
the sole purpose of programming logic devices manufactured by
Intel and sold by Intel or its authorized distributors.  Please
refer to the applicable agreement for further details.



+-------------------------------------------------------------------------------+
; Partition Merge Summary                                                       ;
+---------------------------------+---------------------------------------------+
; Partition Merge Status          ; Successful - Tue Feb 07 09:38:32 2023       ;
; Quartus Prime Version           ; 18.1.0 Build 625 09/12/2018 SJ Lite Edition ;
; Revision Name                   ; partyBox                                    ;
; Top-level Entity Name           ; partyBox                                    ;
; Family                          ; Cyclone V                                   ;
; Logic utilization (in ALMs)     ; N/A                                         ;
; Total registers                 ; 32                                          ;
; Total pins                      ; 103                                         ;
; Total virtual pins              ; 0                                           ;
; Total block memory bits         ; 0                                           ;
; Total DSP Blocks                ; 0                                           ;
; Total HSSI RX PCSs              ; 0                                           ;
; Total HSSI PMA RX Deserializers ; 0                                           ;
; Total HSSI TX PCSs              ; 0                                           ;
; Total HSSI PMA TX Serializers   ; 0                                           ;
; Total PLLs                      ; 0                                           ;
; Total DLLs                      ; 0                                           ;
+---------------------------------+---------------------------------------------+


+-------------------------------------------------------------------------------------------------------------------------------+
; Partition Merge Netlist Types Used                                                                                            ;
+--------------------------------+----------------+-------------------+------------------------+--------------------------------+
; Partition Name                 ; Partition Type ; Netlist Type Used ; Netlist Type Requested ; Partition Contents             ;
+--------------------------------+----------------+-------------------+------------------------+--------------------------------+
; Top                            ; User-created   ; Source File       ; Source File            ;                                ;
; hard_block:auto_generated_inst ; Auto-generated ; Source File       ; Source File            ; hard_block:auto_generated_inst ;
+--------------------------------+----------------+-------------------+------------------------+--------------------------------+


+------------------------------------------------------------------------------------+
; Partition Merge Partition Statistics                                               ;
+---------------------------------------------+-----+--------------------------------+
; Statistic                                   ; Top ; hard_block:auto_generated_inst ;
+---------------------------------------------+-----+--------------------------------+
; Estimate of Logic utilization (ALMs needed) ; 20  ; 0                              ;
;                                             ;     ;                                ;
; Combinational ALUT usage for logic          ; 39  ; 0                              ;
;     -- 7 input functions                    ; 0   ; 0                              ;
;     -- 6 input functions                    ; 4   ; 0                              ;
;     -- 5 input functions                    ; 2   ; 0                              ;
;     -- 4 input functions                    ; 2   ; 0                              ;
;     -- <=3 input functions                  ; 31  ; 0                              ;
; Memory ALUT usage                           ; 0   ; 0                              ;
;     -- 64-address deep                      ; 0   ; 0                              ;
;     -- 32-address deep                      ; 0   ; 0                              ;
;                                             ;     ;                                ;
; Dedicated logic registers                   ; 32  ; 0                              ;
;                                             ;     ;                                ;
;                                             ;     ;                                ;
; I/O pins                                    ; 103 ; 0                              ;
; I/O registers                               ; 0   ; 0                              ;
; Total block memory bits                     ; 0   ; 0                              ;
; Total block memory implementation bits      ; 0   ; 0                              ;
;                                             ;     ;                                ;
; Connections                                 ;     ;                                ;
;     -- Input Connections                    ; 0   ; 0                              ;
;     -- Registered Input Connections         ; 0   ; 0                              ;
;     -- Output Connections                   ; 0   ; 0                              ;
;     -- Registered Output Connections        ; 0   ; 0                              ;
;                                             ;     ;                                ;
; Internal Connections                        ;     ;                                ;
;     -- Total Connections                    ; 340 ; 0                              ;
;     -- Registered Connections               ; 101 ; 0                              ;
;                                             ;     ;                                ;
; External Connections                        ;     ;                                ;
;     -- Top                                  ; 0   ; 0                              ;
;     -- hard_block:auto_generated_inst       ; 0   ; 0                              ;
;                                             ;     ;                                ;
; Partition Interface                         ;     ;                                ;
;     -- Input Ports                          ; 51  ; 0                              ;
;     -- Output Ports                         ; 52  ; 0                              ;
;     -- Bidir Ports                          ; 0   ; 0                              ;
;                                             ;     ;                                ;
; Registered Ports                            ;     ;                                ;
;     -- Registered Input Ports               ; 0   ; 0                              ;
;     -- Registered Output Ports              ; 0   ; 0                              ;
;                                             ;     ;                                ;
; Port Connectivity                           ;     ;                                ;
;     -- Input Ports driven by GND            ; 0   ; 0                              ;
;     -- Output Ports driven by GND           ; 0   ; 0                              ;
;     -- Input Ports driven by VCC            ; 0   ; 0                              ;
;     -- Output Ports driven by VCC           ; 0   ; 0                              ;
;     -- Input Ports with no Source           ; 0   ; 0                              ;
;     -- Output Ports with no Source          ; 0   ; 0                              ;
;     -- Input Ports with no Fanout           ; 0   ; 0                              ;
;     -- Output Ports with no Fanout          ; 0   ; 0                              ;
+---------------------------------------------+-----+--------------------------------+
Note: Resource usage numbers presented for Partitions containing post-synthesis logic are estimates.  For Partitions containing post-fit logic, resource usage numbers are accurate based on previous placement information.  Actual Fitter results may vary depending on current Fitter Preservation Level assignments.


+------------------------------------------------------------------------------+
; Partition Merge Partition Pin Processing                                     ;
+-------------------------+-----------+---------------+----------+-------------+
; Name                    ; Partition ; Type          ; Location ; Status      ;
+-------------------------+-----------+---------------+----------+-------------+
; CLOCK_50                ; Top       ; Input Port    ; n/a      ;             ;
;     -- CLOCK_50         ; Top       ; Input Pad     ; Unplaced ; Synthesized ;
;     -- CLOCK_50~input   ; Top       ; Input Buffer  ; Unplaced ; Synthesized ;
;                         ;           ;               ;          ;             ;
; GPIO_1[0]               ; Top       ; Input Port    ; n/a      ;             ;
;     -- GPIO_1[0]        ; Top       ; Input Pad     ; Unplaced ; Synthesized ;
;     -- GPIO_1[0]~input  ; Top       ; Input Buffer  ; Unplaced ; Synthesized ;
;                         ;           ;               ;          ;             ;
; GPIO_1[10]              ; Top       ; Input Port    ; n/a      ;             ;
;     -- GPIO_1[10]       ; Top       ; Input Pad     ; Unplaced ; Synthesized ;
;     -- GPIO_1[10]~input ; Top       ; Input Buffer  ; Unplaced ; Synthesized ;
;                         ;           ;               ;          ;             ;
; GPIO_1[11]              ; Top       ; Input Port    ; n/a      ;             ;
;     -- GPIO_1[11]       ; Top       ; Input Pad     ; Unplaced ; Synthesized ;
;     -- GPIO_1[11]~input ; Top       ; Input Buffer  ; Unplaced ; Synthesized ;
;                         ;           ;               ;          ;             ;
; GPIO_1[12]              ; Top       ; Input Port    ; n/a      ;             ;
;     -- GPIO_1[12]       ; Top       ; Input Pad     ; Unplaced ; Synthesized ;
;     -- GPIO_1[12]~input ; Top       ; Input Buffer  ; Unplaced ; Synthesized ;
;                         ;           ;               ;          ;             ;
; GPIO_1[13]              ; Top       ; Input Port    ; n/a      ;             ;
;     -- GPIO_1[13]       ; Top       ; Input Pad     ; Unplaced ; Synthesized ;
;     -- GPIO_1[13]~input ; Top       ; Input Buffer  ; Unplaced ; Synthesized ;
;                         ;           ;               ;          ;             ;
; GPIO_1[14]              ; Top       ; Input Port    ; n/a      ;             ;
;     -- GPIO_1[14]       ; Top       ; Input Pad     ; Unplaced ; Synthesized ;
;     -- GPIO_1[14]~input ; Top       ; Input Buffer  ; Unplaced ; Synthesized ;
;                         ;           ;               ;          ;             ;
; GPIO_1[15]              ; Top       ; Input Port    ; n/a      ;             ;
;     -- GPIO_1[15]       ; Top       ; Input Pad     ; Unplaced ; Synthesized ;
;     -- GPIO_1[15]~input ; Top       ; Input Buffer  ; Unplaced ; Synthesized ;
;                         ;           ;               ;          ;             ;
; GPIO_1[16]              ; Top       ; Input Port    ; n/a      ;             ;
;     -- GPIO_1[16]       ; Top       ; Input Pad     ; Unplaced ; Synthesized ;
;     -- GPIO_1[16]~input ; Top       ; Input Buffer  ; Unplaced ; Synthesized ;
;                         ;           ;               ;          ;             ;
; GPIO_1[17]              ; Top       ; Input Port    ; n/a      ;             ;
;     -- GPIO_1[17]       ; Top       ; Input Pad     ; Unplaced ; Synthesized ;
;     -- GPIO_1[17]~input ; Top       ; Input Buffer  ; Unplaced ; Synthesized ;
;                         ;           ;               ;          ;             ;
; GPIO_1[18]              ; Top       ; Input Port    ; n/a      ;             ;
;     -- GPIO_1[18]       ; Top       ; Input Pad     ; Unplaced ; Synthesized ;
;     -- GPIO_1[18]~input ; Top       ; Input Buffer  ; Unplaced ; Synthesized ;
;                         ;           ;               ;          ;             ;
; GPIO_1[19]              ; Top       ; Input Port    ; n/a      ;             ;
;     -- GPIO_1[19]       ; Top       ; Input Pad     ; Unplaced ; Synthesized ;
;     -- GPIO_1[19]~input ; Top       ; Input Buffer  ; Unplaced ; Synthesized ;
;                         ;           ;               ;          ;             ;
; GPIO_1[1]               ; Top       ; Input Port    ; n/a      ;             ;
;     -- GPIO_1[1]        ; Top       ; Input Pad     ; Unplaced ; Synthesized ;
;     -- GPIO_1[1]~input  ; Top       ; Input Buffer  ; Unplaced ; Synthesized ;
;                         ;           ;               ;          ;             ;
; GPIO_1[20]              ; Top       ; Input Port    ; n/a      ;             ;
;     -- GPIO_1[20]       ; Top       ; Input Pad     ; Unplaced ; Synthesized ;
;     -- GPIO_1[20]~input ; Top       ; Input Buffer  ; Unplaced ; Synthesized ;
;                         ;           ;               ;          ;             ;
; GPIO_1[21]              ; Top       ; Input Port    ; n/a      ;             ;
;     -- GPIO_1[21]       ; Top       ; Input Pad     ; Unplaced ; Synthesized ;
;     -- GPIO_1[21]~input ; Top       ; Input Buffer  ; Unplaced ; Synthesized ;
;                         ;           ;               ;          ;             ;
; GPIO_1[22]              ; Top       ; Input Port    ; n/a      ;             ;
;     -- GPIO_1[22]       ; Top       ; Input Pad     ; Unplaced ; Synthesized ;
;     -- GPIO_1[22]~input ; Top       ; Input Buffer  ; Unplaced ; Synthesized ;
;                         ;           ;               ;          ;             ;
; GPIO_1[23]              ; Top       ; Input Port    ; n/a      ;             ;
;     -- GPIO_1[23]       ; Top       ; Input Pad     ; Unplaced ; Synthesized ;
;     -- GPIO_1[23]~input ; Top       ; Input Buffer  ; Unplaced ; Synthesized ;
;                         ;           ;               ;          ;             ;
; GPIO_1[24]              ; Top       ; Input Port    ; n/a      ;             ;
;     -- GPIO_1[24]       ; Top       ; Input Pad     ; Unplaced ; Synthesized ;
;     -- GPIO_1[24]~input ; Top       ; Input Buffer  ; Unplaced ; Synthesized ;
;                         ;           ;               ;          ;             ;
; GPIO_1[25]              ; Top       ; Input Port    ; n/a      ;             ;
;     -- GPIO_1[25]       ; Top       ; Input Pad     ; Unplaced ; Synthesized ;
;     -- GPIO_1[25]~input ; Top       ; Input Buffer  ; Unplaced ; Synthesized ;
;                         ;           ;               ;          ;             ;
; GPIO_1[26]              ; Top       ; Input Port    ; n/a      ;             ;
;     -- GPIO_1[26]       ; Top       ; Input Pad     ; Unplaced ; Synthesized ;
;     -- GPIO_1[26]~input ; Top       ; Input Buffer  ; Unplaced ; Synthesized ;
;                         ;           ;               ;          ;             ;
; GPIO_1[27]              ; Top       ; Input Port    ; n/a      ;             ;
;     -- GPIO_1[27]       ; Top       ; Input Pad     ; Unplaced ; Synthesized ;
;     -- GPIO_1[27]~input ; Top       ; Input Buffer  ; Unplaced ; Synthesized ;
;                         ;           ;               ;          ;             ;
; GPIO_1[28]              ; Top       ; Input Port    ; n/a      ;             ;
;     -- GPIO_1[28]       ; Top       ; Input Pad     ; Unplaced ; Synthesized ;
;     -- GPIO_1[28]~input ; Top       ; Input Buffer  ; Unplaced ; Synthesized ;
;                         ;           ;               ;          ;             ;
; GPIO_1[29]              ; Top       ; Input Port    ; n/a      ;             ;
;     -- GPIO_1[29]       ; Top       ; Input Pad     ; Unplaced ; Synthesized ;
;     -- GPIO_1[29]~input ; Top       ; Input Buffer  ; Unplaced ; Synthesized ;
;                         ;           ;               ;          ;             ;
; GPIO_1[2]               ; Top       ; Input Port    ; n/a      ;             ;
;     -- GPIO_1[2]        ; Top       ; Input Pad     ; Unplaced ; Synthesized ;
;     -- GPIO_1[2]~input  ; Top       ; Input Buffer  ; Unplaced ; Synthesized ;
;                         ;           ;               ;          ;             ;
; GPIO_1[30]              ; Top       ; Input Port    ; n/a      ;             ;
;     -- GPIO_1[30]       ; Top       ; Input Pad     ; Unplaced ; Synthesized ;
;     -- GPIO_1[30]~input ; Top       ; Input Buffer  ; Unplaced ; Synthesized ;
;                         ;           ;               ;          ;             ;
; GPIO_1[31]              ; Top       ; Input Port    ; n/a      ;             ;
;     -- GPIO_1[31]       ; Top       ; Input Pad     ; Unplaced ; Synthesized ;
;     -- GPIO_1[31]~input ; Top       ; Input Buffer  ; Unplaced ; Synthesized ;
;                         ;           ;               ;          ;             ;
; GPIO_1[32]              ; Top       ; Input Port    ; n/a      ;             ;
;     -- GPIO_1[32]       ; Top       ; Input Pad     ; Unplaced ; Synthesized ;
;     -- GPIO_1[32]~input ; Top       ; Input Buffer  ; Unplaced ; Synthesized ;
;                         ;           ;               ;          ;             ;
; GPIO_1[33]              ; Top       ; Input Port    ; n/a      ;             ;
;     -- GPIO_1[33]       ; Top       ; Input Pad     ; Unplaced ; Synthesized ;
;     -- GPIO_1[33]~input ; Top       ; Input Buffer  ; Unplaced ; Synthesized ;
;                         ;           ;               ;          ;             ;
; GPIO_1[34]              ; Top       ; Input Port    ; n/a      ;             ;
;     -- GPIO_1[34]       ; Top       ; Input Pad     ; Unplaced ; Synthesized ;
;     -- GPIO_1[34]~input ; Top       ; Input Buffer  ; Unplaced ; Synthesized ;
;                         ;           ;               ;          ;             ;
; GPIO_1[35]              ; Top       ; Input Port    ; n/a      ;             ;
;     -- GPIO_1[35]       ; Top       ; Input Pad     ; Unplaced ; Synthesized ;
;     -- GPIO_1[35]~input ; Top       ; Input Buffer  ; Unplaced ; Synthesized ;
;                         ;           ;               ;          ;             ;
; GPIO_1[3]               ; Top       ; Input Port    ; n/a      ;             ;
;     -- GPIO_1[3]        ; Top       ; Input Pad     ; Unplaced ; Synthesized ;
;     -- GPIO_1[3]~input  ; Top       ; Input Buffer  ; Unplaced ; Synthesized ;
;                         ;           ;               ;          ;             ;
; GPIO_1[4]               ; Top       ; Input Port    ; n/a      ;             ;
;     -- GPIO_1[4]        ; Top       ; Input Pad     ; Unplaced ; Synthesized ;
;     -- GPIO_1[4]~input  ; Top       ; Input Buffer  ; Unplaced ; Synthesized ;
;                         ;           ;               ;          ;             ;
; GPIO_1[5]               ; Top       ; Input Port    ; n/a      ;             ;
;     -- GPIO_1[5]        ; Top       ; Input Pad     ; Unplaced ; Synthesized ;
;     -- GPIO_1[5]~input  ; Top       ; Input Buffer  ; Unplaced ; Synthesized ;
;                         ;           ;               ;          ;             ;
; GPIO_1[6]               ; Top       ; Input Port    ; n/a      ;             ;
;     -- GPIO_1[6]        ; Top       ; Input Pad     ; Unplaced ; Synthesized ;
;     -- GPIO_1[6]~input  ; Top       ; Input Buffer  ; Unplaced ; Synthesized ;
;                         ;           ;               ;          ;             ;
; GPIO_1[7]               ; Top       ; Input Port    ; n/a      ;             ;
;     -- GPIO_1[7]        ; Top       ; Input Pad     ; Unplaced ; Synthesized ;
;     -- GPIO_1[7]~input  ; Top       ; Input Buffer  ; Unplaced ; Synthesized ;
;                         ;           ;               ;          ;             ;
; GPIO_1[8]               ; Top       ; Input Port    ; n/a      ;             ;
;     -- GPIO_1[8]        ; Top       ; Input Pad     ; Unplaced ; Synthesized ;
;     -- GPIO_1[8]~input  ; Top       ; Input Buffer  ; Unplaced ; Synthesized ;
;                         ;           ;               ;          ;             ;
; GPIO_1[9]               ; Top       ; Input Port    ; n/a      ;             ;
;     -- GPIO_1[9]        ; Top       ; Input Pad     ; Unplaced ; Synthesized ;
;     -- GPIO_1[9]~input  ; Top       ; Input Buffer  ; Unplaced ; Synthesized ;
;                         ;           ;               ;          ;             ;
; HEX0[0]                 ; Top       ; Output Port   ; n/a      ;             ;
;     -- HEX0[0]          ; Top       ; Output Pad    ; Unplaced ; Synthesized ;
;     -- HEX0[0]~output   ; Top       ; Output Buffer ; Unplaced ; Synthesized ;
;                         ;           ;               ;          ;             ;
; HEX0[1]                 ; Top       ; Output Port   ; n/a      ;             ;
;     -- HEX0[1]          ; Top       ; Output Pad    ; Unplaced ; Synthesized ;
;     -- HEX0[1]~output   ; Top       ; Output Buffer ; Unplaced ; Synthesized ;
;                         ;           ;               ;          ;             ;
; HEX0[2]                 ; Top       ; Output Port   ; n/a      ;             ;
;     -- HEX0[2]          ; Top       ; Output Pad    ; Unplaced ; Synthesized ;
;     -- HEX0[2]~output   ; Top       ; Output Buffer ; Unplaced ; Synthesized ;
;                         ;           ;               ;          ;             ;
; HEX0[3]                 ; Top       ; Output Port   ; n/a      ;             ;
;     -- HEX0[3]          ; Top       ; Output Pad    ; Unplaced ; Synthesized ;
;     -- HEX0[3]~output   ; Top       ; Output Buffer ; Unplaced ; Synthesized ;
;                         ;           ;               ;          ;             ;
; HEX0[4]                 ; Top       ; Output Port   ; n/a      ;             ;
;     -- HEX0[4]          ; Top       ; Output Pad    ; Unplaced ; Synthesized ;
;     -- HEX0[4]~output   ; Top       ; Output Buffer ; Unplaced ; Synthesized ;
;                         ;           ;               ;          ;             ;
; HEX0[5]                 ; Top       ; Output Port   ; n/a      ;             ;
;     -- HEX0[5]          ; Top       ; Output Pad    ; Unplaced ; Synthesized ;
;     -- HEX0[5]~output   ; Top       ; Output Buffer ; Unplaced ; Synthesized ;
;                         ;           ;               ;          ;             ;
; HEX0[6]                 ; Top       ; Output Port   ; n/a      ;             ;
;     -- HEX0[6]          ; Top       ; Output Pad    ; Unplaced ; Synthesized ;
;     -- HEX0[6]~output   ; Top       ; Output Buffer ; Unplaced ; Synthesized ;
;                         ;           ;               ;          ;             ;
; HEX1[0]                 ; Top       ; Output Port   ; n/a      ;             ;
;     -- HEX1[0]          ; Top       ; Output Pad    ; Unplaced ; Synthesized ;
;     -- HEX1[0]~output   ; Top       ; Output Buffer ; Unplaced ; Synthesized ;
;                         ;           ;               ;          ;             ;
; HEX1[1]                 ; Top       ; Output Port   ; n/a      ;             ;
;     -- HEX1[1]          ; Top       ; Output Pad    ; Unplaced ; Synthesized ;
;     -- HEX1[1]~output   ; Top       ; Output Buffer ; Unplaced ; Synthesized ;
;                         ;           ;               ;          ;             ;
; HEX1[2]                 ; Top       ; Output Port   ; n/a      ;             ;
;     -- HEX1[2]          ; Top       ; Output Pad    ; Unplaced ; Synthesized ;
;     -- HEX1[2]~output   ; Top       ; Output Buffer ; Unplaced ; Synthesized ;
;                         ;           ;               ;          ;             ;
; HEX1[3]                 ; Top       ; Output Port   ; n/a      ;             ;
;     -- HEX1[3]          ; Top       ; Output Pad    ; Unplaced ; Synthesized ;
;     -- HEX1[3]~output   ; Top       ; Output Buffer ; Unplaced ; Synthesized ;
;                         ;           ;               ;          ;             ;
; HEX1[4]                 ; Top       ; Output Port   ; n/a      ;             ;
;     -- HEX1[4]          ; Top       ; Output Pad    ; Unplaced ; Synthesized ;
;     -- HEX1[4]~output   ; Top       ; Output Buffer ; Unplaced ; Synthesized ;
;                         ;           ;               ;          ;             ;
; HEX1[5]                 ; Top       ; Output Port   ; n/a      ;             ;
;     -- HEX1[5]          ; Top       ; Output Pad    ; Unplaced ; Synthesized ;
;     -- HEX1[5]~output   ; Top       ; Output Buffer ; Unplaced ; Synthesized ;
;                         ;           ;               ;          ;             ;
; HEX1[6]                 ; Top       ; Output Port   ; n/a      ;             ;
;     -- HEX1[6]          ; Top       ; Output Pad    ; Unplaced ; Synthesized ;
;     -- HEX1[6]~output   ; Top       ; Output Buffer ; Unplaced ; Synthesized ;
;                         ;           ;               ;          ;             ;
; HEX2[0]                 ; Top       ; Output Port   ; n/a      ;             ;
;     -- HEX2[0]          ; Top       ; Output Pad    ; Unplaced ; Synthesized ;
;     -- HEX2[0]~output   ; Top       ; Output Buffer ; Unplaced ; Synthesized ;
;                         ;           ;               ;          ;             ;
; HEX2[1]                 ; Top       ; Output Port   ; n/a      ;             ;
;     -- HEX2[1]          ; Top       ; Output Pad    ; Unplaced ; Synthesized ;
;     -- HEX2[1]~output   ; Top       ; Output Buffer ; Unplaced ; Synthesized ;
;                         ;           ;               ;          ;             ;
; HEX2[2]                 ; Top       ; Output Port   ; n/a      ;             ;
;     -- HEX2[2]          ; Top       ; Output Pad    ; Unplaced ; Synthesized ;
;     -- HEX2[2]~output   ; Top       ; Output Buffer ; Unplaced ; Synthesized ;
;                         ;           ;               ;          ;             ;
; HEX2[3]                 ; Top       ; Output Port   ; n/a      ;             ;
;     -- HEX2[3]          ; Top       ; Output Pad    ; Unplaced ; Synthesized ;
;     -- HEX2[3]~output   ; Top       ; Output Buffer ; Unplaced ; Synthesized ;
;                         ;           ;               ;          ;             ;
; HEX2[4]                 ; Top       ; Output Port   ; n/a      ;             ;
;     -- HEX2[4]          ; Top       ; Output Pad    ; Unplaced ; Synthesized ;
;     -- HEX2[4]~output   ; Top       ; Output Buffer ; Unplaced ; Synthesized ;
;                         ;           ;               ;          ;             ;
; HEX2[5]                 ; Top       ; Output Port   ; n/a      ;             ;
;     -- HEX2[5]          ; Top       ; Output Pad    ; Unplaced ; Synthesized ;
;     -- HEX2[5]~output   ; Top       ; Output Buffer ; Unplaced ; Synthesized ;
;                         ;           ;               ;          ;             ;
; HEX2[6]                 ; Top       ; Output Port   ; n/a      ;             ;
;     -- HEX2[6]          ; Top       ; Output Pad    ; Unplaced ; Synthesized ;
;     -- HEX2[6]~output   ; Top       ; Output Buffer ; Unplaced ; Synthesized ;
;                         ;           ;               ;          ;             ;
; HEX3[0]                 ; Top       ; Output Port   ; n/a      ;             ;
;     -- HEX3[0]          ; Top       ; Output Pad    ; Unplaced ; Synthesized ;
;     -- HEX3[0]~output   ; Top       ; Output Buffer ; Unplaced ; Synthesized ;
;                         ;           ;               ;          ;             ;
; HEX3[1]                 ; Top       ; Output Port   ; n/a      ;             ;
;     -- HEX3[1]          ; Top       ; Output Pad    ; Unplaced ; Synthesized ;
;     -- HEX3[1]~output   ; Top       ; Output Buffer ; Unplaced ; Synthesized ;
;                         ;           ;               ;          ;             ;
; HEX3[2]                 ; Top       ; Output Port   ; n/a      ;             ;
;     -- HEX3[2]          ; Top       ; Output Pad    ; Unplaced ; Synthesized ;
;     -- HEX3[2]~output   ; Top       ; Output Buffer ; Unplaced ; Synthesized ;
;                         ;           ;               ;          ;             ;
; HEX3[3]                 ; Top       ; Output Port   ; n/a      ;             ;
;     -- HEX3[3]          ; Top       ; Output Pad    ; Unplaced ; Synthesized ;
;     -- HEX3[3]~output   ; Top       ; Output Buffer ; Unplaced ; Synthesized ;
;                         ;           ;               ;          ;             ;
; HEX3[4]                 ; Top       ; Output Port   ; n/a      ;             ;
;     -- HEX3[4]          ; Top       ; Output Pad    ; Unplaced ; Synthesized ;
;     -- HEX3[4]~output   ; Top       ; Output Buffer ; Unplaced ; Synthesized ;
;                         ;           ;               ;          ;             ;
; HEX3[5]                 ; Top       ; Output Port   ; n/a      ;             ;
;     -- HEX3[5]          ; Top       ; Output Pad    ; Unplaced ; Synthesized ;
;     -- HEX3[5]~output   ; Top       ; Output Buffer ; Unplaced ; Synthesized ;
;                         ;           ;               ;          ;             ;
; HEX3[6]                 ; Top       ; Output Port   ; n/a      ;             ;
;     -- HEX3[6]          ; Top       ; Output Pad    ; Unplaced ; Synthesized ;
;     -- HEX3[6]~output   ; Top       ; Output Buffer ; Unplaced ; Synthesized ;
;                         ;           ;               ;          ;             ;
; HEX4[0]                 ; Top       ; Output Port   ; n/a      ;             ;
;     -- HEX4[0]          ; Top       ; Output Pad    ; Unplaced ; Synthesized ;
;     -- HEX4[0]~output   ; Top       ; Output Buffer ; Unplaced ; Synthesized ;
;                         ;           ;               ;          ;             ;
; HEX4[1]                 ; Top       ; Output Port   ; n/a      ;             ;
;     -- HEX4[1]          ; Top       ; Output Pad    ; Unplaced ; Synthesized ;
;     -- HEX4[1]~output   ; Top       ; Output Buffer ; Unplaced ; Synthesized ;
;                         ;           ;               ;          ;             ;
; HEX4[2]                 ; Top       ; Output Port   ; n/a      ;             ;
;     -- HEX4[2]          ; Top       ; Output Pad    ; Unplaced ; Synthesized ;
;     -- HEX4[2]~output   ; Top       ; Output Buffer ; Unplaced ; Synthesized ;
;                         ;           ;               ;          ;             ;
; HEX4[3]                 ; Top       ; Output Port   ; n/a      ;             ;
;     -- HEX4[3]          ; Top       ; Output Pad    ; Unplaced ; Synthesized ;
;     -- HEX4[3]~output   ; Top       ; Output Buffer ; Unplaced ; Synthesized ;
;                         ;           ;               ;          ;             ;
; HEX4[4]                 ; Top       ; Output Port   ; n/a      ;             ;
;     -- HEX4[4]          ; Top       ; Output Pad    ; Unplaced ; Synthesized ;
;     -- HEX4[4]~output   ; Top       ; Output Buffer ; Unplaced ; Synthesized ;
;                         ;           ;               ;          ;             ;
; HEX4[5]                 ; Top       ; Output Port   ; n/a      ;             ;
;     -- HEX4[5]          ; Top       ; Output Pad    ; Unplaced ; Synthesized ;
;     -- HEX4[5]~output   ; Top       ; Output Buffer ; Unplaced ; Synthesized ;
;                         ;           ;               ;          ;             ;
; HEX4[6]                 ; Top       ; Output Port   ; n/a      ;             ;
;     -- HEX4[6]          ; Top       ; Output Pad    ; Unplaced ; Synthesized ;
;     -- HEX4[6]~output   ; Top       ; Output Buffer ; Unplaced ; Synthesized ;
;                         ;           ;               ;          ;             ;
; HEX5[0]                 ; Top       ; Output Port   ; n/a      ;             ;
;     -- HEX5[0]          ; Top       ; Output Pad    ; Unplaced ; Synthesized ;
;     -- HEX5[0]~output   ; Top       ; Output Buffer ; Unplaced ; Synthesized ;
;                         ;           ;               ;          ;             ;
; HEX5[1]                 ; Top       ; Output Port   ; n/a      ;             ;
;     -- HEX5[1]          ; Top       ; Output Pad    ; Unplaced ; Synthesized ;
;     -- HEX5[1]~output   ; Top       ; Output Buffer ; Unplaced ; Synthesized ;
;                         ;           ;               ;          ;             ;
; HEX5[2]                 ; Top       ; Output Port   ; n/a      ;             ;
;     -- HEX5[2]          ; Top       ; Output Pad    ; Unplaced ; Synthesized ;
;     -- HEX5[2]~output   ; Top       ; Output Buffer ; Unplaced ; Synthesized ;
;                         ;           ;               ;          ;             ;
; HEX5[3]                 ; Top       ; Output Port   ; n/a      ;             ;
;     -- HEX5[3]          ; Top       ; Output Pad    ; Unplaced ; Synthesized ;
;     -- HEX5[3]~output   ; Top       ; Output Buffer ; Unplaced ; Synthesized ;
;                         ;           ;               ;          ;             ;
; HEX5[4]                 ; Top       ; Output Port   ; n/a      ;             ;
;     -- HEX5[4]          ; Top       ; Output Pad    ; Unplaced ; Synthesized ;
;     -- HEX5[4]~output   ; Top       ; Output Buffer ; Unplaced ; Synthesized ;
;                         ;           ;               ;          ;             ;
; HEX5[5]                 ; Top       ; Output Port   ; n/a      ;             ;
;     -- HEX5[5]          ; Top       ; Output Pad    ; Unplaced ; Synthesized ;
;     -- HEX5[5]~output   ; Top       ; Output Buffer ; Unplaced ; Synthesized ;
;                         ;           ;               ;          ;             ;
; HEX5[6]                 ; Top       ; Output Port   ; n/a      ;             ;
;     -- HEX5[6]          ; Top       ; Output Pad    ; Unplaced ; Synthesized ;
;     -- HEX5[6]~output   ; Top       ; Output Buffer ; Unplaced ; Synthesized ;
;                         ;           ;               ;          ;             ;
; KEY[0]                  ; Top       ; Input Port    ; n/a      ;             ;
;     -- KEY[0]           ; Top       ; Input Pad     ; Unplaced ; Synthesized ;
;     -- KEY[0]~input     ; Top       ; Input Buffer  ; Unplaced ; Synthesized ;
;                         ;           ;               ;          ;             ;
; KEY[1]                  ; Top       ; Input Port    ; n/a      ;             ;
;     -- KEY[1]           ; Top       ; Input Pad     ; Unplaced ; Synthesized ;
;     -- KEY[1]~input     ; Top       ; Input Buffer  ; Unplaced ; Synthesized ;
;                         ;           ;               ;          ;             ;
; KEY[2]                  ; Top       ; Input Port    ; n/a      ;             ;
;     -- KEY[2]           ; Top       ; Input Pad     ; Unplaced ; Synthesized ;
;     -- KEY[2]~input     ; Top       ; Input Buffer  ; Unplaced ; Synthesized ;
;                         ;           ;               ;          ;             ;
; KEY[3]                  ; Top       ; Input Port    ; n/a      ;             ;
;     -- KEY[3]           ; Top       ; Input Pad     ; Unplaced ; Synthesized ;
;     -- KEY[3]~input     ; Top       ; Input Buffer  ; Unplaced ; Synthesized ;
;                         ;           ;               ;          ;             ;
; LEDR[0]                 ; Top       ; Output Port   ; n/a      ;             ;
;     -- LEDR[0]          ; Top       ; Output Pad    ; Unplaced ; Synthesized ;
;     -- LEDR[0]~output   ; Top       ; Output Buffer ; Unplaced ; Synthesized ;
;                         ;           ;               ;          ;             ;
; LEDR[1]                 ; Top       ; Output Port   ; n/a      ;             ;
;     -- LEDR[1]          ; Top       ; Output Pad    ; Unplaced ; Synthesized ;
;     -- LEDR[1]~output   ; Top       ; Output Buffer ; Unplaced ; Synthesized ;
;                         ;           ;               ;          ;             ;
; LEDR[2]                 ; Top       ; Output Port   ; n/a      ;             ;
;     -- LEDR[2]          ; Top       ; Output Pad    ; Unplaced ; Synthesized ;
;     -- LEDR[2]~output   ; Top       ; Output Buffer ; Unplaced ; Synthesized ;
;                         ;           ;               ;          ;             ;
; LEDR[3]                 ; Top       ; Output Port   ; n/a      ;             ;
;     -- LEDR[3]          ; Top       ; Output Pad    ; Unplaced ; Synthesized ;
;     -- LEDR[3]~output   ; Top       ; Output Buffer ; Unplaced ; Synthesized ;
;                         ;           ;               ;          ;             ;
; LEDR[4]                 ; Top       ; Output Port   ; n/a      ;             ;
;     -- LEDR[4]          ; Top       ; Output Pad    ; Unplaced ; Synthesized ;
;     -- LEDR[4]~output   ; Top       ; Output Buffer ; Unplaced ; Synthesized ;
;                         ;           ;               ;          ;             ;
; LEDR[5]                 ; Top       ; Output Port   ; n/a      ;             ;
;     -- LEDR[5]          ; Top       ; Output Pad    ; Unplaced ; Synthesized ;
;     -- LEDR[5]~output   ; Top       ; Output Buffer ; Unplaced ; Synthesized ;
;                         ;           ;               ;          ;             ;
; LEDR[6]                 ; Top       ; Output Port   ; n/a      ;             ;
;     -- LEDR[6]          ; Top       ; Output Pad    ; Unplaced ; Synthesized ;
;     -- LEDR[6]~output   ; Top       ; Output Buffer ; Unplaced ; Synthesized ;
;                         ;           ;               ;          ;             ;
; LEDR[7]                 ; Top       ; Output Port   ; n/a      ;             ;
;     -- LEDR[7]          ; Top       ; Output Pad    ; Unplaced ; Synthesized ;
;     -- LEDR[7]~output   ; Top       ; Output Buffer ; Unplaced ; Synthesized ;
;                         ;           ;               ;          ;             ;
; LEDR[8]                 ; Top       ; Output Port   ; n/a      ;             ;
;     -- LEDR[8]          ; Top       ; Output Pad    ; Unplaced ; Synthesized ;
;     -- LEDR[8]~output   ; Top       ; Output Buffer ; Unplaced ; Synthesized ;
;                         ;           ;               ;          ;             ;
; LEDR[9]                 ; Top       ; Output Port   ; n/a      ;             ;
;     -- LEDR[9]          ; Top       ; Output Pad    ; Unplaced ; Synthesized ;
;     -- LEDR[9]~output   ; Top       ; Output Buffer ; Unplaced ; Synthesized ;
;                         ;           ;               ;          ;             ;
; SW[0]                   ; Top       ; Input Port    ; n/a      ;             ;
;     -- SW[0]            ; Top       ; Input Pad     ; Unplaced ; Synthesized ;
;     -- SW[0]~input      ; Top       ; Input Buffer  ; Unplaced ; Synthesized ;
;                         ;           ;               ;          ;             ;
; SW[1]                   ; Top       ; Input Port    ; n/a      ;             ;
;     -- SW[1]            ; Top       ; Input Pad     ; Unplaced ; Synthesized ;
;     -- SW[1]~input      ; Top       ; Input Buffer  ; Unplaced ; Synthesized ;
;                         ;           ;               ;          ;             ;
; SW[2]                   ; Top       ; Input Port    ; n/a      ;             ;
;     -- SW[2]            ; Top       ; Input Pad     ; Unplaced ; Synthesized ;
;     -- SW[2]~input      ; Top       ; Input Buffer  ; Unplaced ; Synthesized ;
;                         ;           ;               ;          ;             ;
; SW[3]                   ; Top       ; Input Port    ; n/a      ;             ;
;     -- SW[3]            ; Top       ; Input Pad     ; Unplaced ; Synthesized ;
;     -- SW[3]~input      ; Top       ; Input Buffer  ; Unplaced ; Synthesized ;
;                         ;           ;               ;          ;             ;
; SW[4]                   ; Top       ; Input Port    ; n/a      ;             ;
;     -- SW[4]            ; Top       ; Input Pad     ; Unplaced ; Synthesized ;
;     -- SW[4]~input      ; Top       ; Input Buffer  ; Unplaced ; Synthesized ;
;                         ;           ;               ;          ;             ;
; SW[5]                   ; Top       ; Input Port    ; n/a      ;             ;
;     -- SW[5]            ; Top       ; Input Pad     ; Unplaced ; Synthesized ;
;     -- SW[5]~input      ; Top       ; Input Buffer  ; Unplaced ; Synthesized ;
;                         ;           ;               ;          ;             ;
; SW[6]                   ; Top       ; Input Port    ; n/a      ;             ;
;     -- SW[6]            ; Top       ; Input Pad     ; Unplaced ; Synthesized ;
;     -- SW[6]~input      ; Top       ; Input Buffer  ; Unplaced ; Synthesized ;
;                         ;           ;               ;          ;             ;
; SW[7]                   ; Top       ; Input Port    ; n/a      ;             ;
;     -- SW[7]            ; Top       ; Input Pad     ; Unplaced ; Synthesized ;
;     -- SW[7]~input      ; Top       ; Input Buffer  ; Unplaced ; Synthesized ;
;                         ;           ;               ;          ;             ;
; SW[8]                   ; Top       ; Input Port    ; n/a      ;             ;
;     -- SW[8]            ; Top       ; Input Pad     ; Unplaced ; Synthesized ;
;     -- SW[8]~input      ; Top       ; Input Buffer  ; Unplaced ; Synthesized ;
;                         ;           ;               ;          ;             ;
; SW[9]                   ; Top       ; Input Port    ; n/a      ;             ;
;     -- SW[9]            ; Top       ; Input Pad     ; Unplaced ; Synthesized ;
;     -- SW[9]~input      ; Top       ; Input Buffer  ; Unplaced ; Synthesized ;
;                         ;           ;               ;          ;             ;
+-------------------------+-----------+---------------+----------+-------------+


+-----------------------------------------------------+
; Partition Merge Resource Usage Summary              ;
+---------------------------------------------+-------+
; Resource                                    ; Usage ;
+---------------------------------------------+-------+
; Estimate of Logic utilization (ALMs needed) ; 22    ;
;                                             ;       ;
; Combinational ALUT usage for logic          ; 39    ;
;     -- 7 input functions                    ; 0     ;
;     -- 6 input functions                    ; 4     ;
;     -- 5 input functions                    ; 2     ;
;     -- 4 input functions                    ; 2     ;
;     -- <=3 input functions                  ; 31    ;
;                                             ;       ;
; Dedicated logic registers                   ; 32    ;
;                                             ;       ;
; I/O pins                                    ; 103   ;
;                                             ;       ;
; Total DSP Blocks                            ; 0     ;
;                                             ;       ;
; Maximum fan-out node                        ; count ;
; Maximum fan-out                             ; 33    ;
; Total fan-out                               ; 340   ;
; Average fan-out                             ; 1.23  ;
+---------------------------------------------+-------+


+--------------------------+
; Partition Merge Messages ;
+--------------------------+
Info: *******************************************************************
Info: Running Quartus Prime Partition Merge
    Info: Version 18.1.0 Build 625 09/12/2018 SJ Lite Edition
    Info: Processing started: Tue Feb 07 09:38:31 2023
Info: Command: quartus_cdb --read_settings_files=off --write_settings_files=off partyBox -c partyBox --merge=on
Warning (18236): Number of processors has not been specified which may cause overloading on shared machines.  Set the global assignment NUM_PARALLEL_PROCESSORS in your QSF to an appropriate value for best performance.
Critical Warning (138067): Current license file does not support incremental compilation. The Quartus Prime software removes all the user-specified design partitions in the design automatically.
Info (35007): Using synthesis netlist for partition "Top"
Info (35002): Resolved and merged 1 partition(s)
Info (16010): Generating hard_block partition "hard_block:auto_generated_inst"
    Info (16011): Adding 0 node(s), including 0 DDIO, 0 PLL, 0 transceiver and 0 LCELL
Critical Warning (138067): Current license file does not support incremental compilation. The Quartus Prime software removes all the user-specified design partitions in the design automatically.
Warning (21074): Design contains 48 input pin(s) that do not drive logic
    Warning (15610): No output dependent on input pin "KEY[0]" File: C:/Users/kolto/Desktop/CPEN_391/l2a-01-triviasoc/Hardware/partyBox.v Line: 3
    Warning (15610): No output dependent on input pin "KEY[1]" File: C:/Users/kolto/Desktop/CPEN_391/l2a-01-triviasoc/Hardware/partyBox.v Line: 3
    Warning (15610): No output dependent on input pin "SW[0]" File: C:/Users/kolto/Desktop/CPEN_391/l2a-01-triviasoc/Hardware/partyBox.v Line: 4
    Warning (15610): No output dependent on input pin "SW[1]" File: C:/Users/kolto/Desktop/CPEN_391/l2a-01-triviasoc/Hardware/partyBox.v Line: 4
    Warning (15610): No output dependent on input pin "SW[2]" File: C:/Users/kolto/Desktop/CPEN_391/l2a-01-triviasoc/Hardware/partyBox.v Line: 4
    Warning (15610): No output dependent on input pin "SW[3]" File: C:/Users/kolto/Desktop/CPEN_391/l2a-01-triviasoc/Hardware/partyBox.v Line: 4
    Warning (15610): No output dependent on input pin "SW[4]" File: C:/Users/kolto/Desktop/CPEN_391/l2a-01-triviasoc/Hardware/partyBox.v Line: 4
    Warning (15610): No output dependent on input pin "SW[5]" File: C:/Users/kolto/Desktop/CPEN_391/l2a-01-triviasoc/Hardware/partyBox.v Line: 4
    Warning (15610): No output dependent on input pin "SW[6]" File: C:/Users/kolto/Desktop/CPEN_391/l2a-01-triviasoc/Hardware/partyBox.v Line: 4
    Warning (15610): No output dependent on input pin "SW[7]" File: C:/Users/kolto/Desktop/CPEN_391/l2a-01-triviasoc/Hardware/partyBox.v Line: 4
    Warning (15610): No output dependent on input pin "SW[8]" File: C:/Users/kolto/Desktop/CPEN_391/l2a-01-triviasoc/Hardware/partyBox.v Line: 4
    Warning (15610): No output dependent on input pin "SW[9]" File: C:/Users/kolto/Desktop/CPEN_391/l2a-01-triviasoc/Hardware/partyBox.v Line: 4
    Warning (15610): No output dependent on input pin "GPIO_1[0]" File: C:/Users/kolto/Desktop/CPEN_391/l2a-01-triviasoc/Hardware/partyBox.v Line: 5
    Warning (15610): No output dependent on input pin "GPIO_1[1]" File: C:/Users/kolto/Desktop/CPEN_391/l2a-01-triviasoc/Hardware/partyBox.v Line: 5
    Warning (15610): No output dependent on input pin "GPIO_1[2]" File: C:/Users/kolto/Desktop/CPEN_391/l2a-01-triviasoc/Hardware/partyBox.v Line: 5
    Warning (15610): No output dependent on input pin "GPIO_1[3]" File: C:/Users/kolto/Desktop/CPEN_391/l2a-01-triviasoc/Hardware/partyBox.v Line: 5
    Warning (15610): No output dependent on input pin "GPIO_1[4]" File: C:/Users/kolto/Desktop/CPEN_391/l2a-01-triviasoc/Hardware/partyBox.v Line: 5
    Warning (15610): No output dependent on input pin "GPIO_1[5]" File: C:/Users/kolto/Desktop/CPEN_391/l2a-01-triviasoc/Hardware/partyBox.v Line: 5
    Warning (15610): No output dependent on input pin "GPIO_1[6]" File: C:/Users/kolto/Desktop/CPEN_391/l2a-01-triviasoc/Hardware/partyBox.v Line: 5
    Warning (15610): No output dependent on input pin "GPIO_1[7]" File: C:/Users/kolto/Desktop/CPEN_391/l2a-01-triviasoc/Hardware/partyBox.v Line: 5
    Warning (15610): No output dependent on input pin "GPIO_1[8]" File: C:/Users/kolto/Desktop/CPEN_391/l2a-01-triviasoc/Hardware/partyBox.v Line: 5
    Warning (15610): No output dependent on input pin "GPIO_1[9]" File: C:/Users/kolto/Desktop/CPEN_391/l2a-01-triviasoc/Hardware/partyBox.v Line: 5
    Warning (15610): No output dependent on input pin "GPIO_1[10]" File: C:/Users/kolto/Desktop/CPEN_391/l2a-01-triviasoc/Hardware/partyBox.v Line: 5
    Warning (15610): No output dependent on input pin "GPIO_1[11]" File: C:/Users/kolto/Desktop/CPEN_391/l2a-01-triviasoc/Hardware/partyBox.v Line: 5
    Warning (15610): No output dependent on input pin "GPIO_1[12]" File: C:/Users/kolto/Desktop/CPEN_391/l2a-01-triviasoc/Hardware/partyBox.v Line: 5
    Warning (15610): No output dependent on input pin "GPIO_1[13]" File: C:/Users/kolto/Desktop/CPEN_391/l2a-01-triviasoc/Hardware/partyBox.v Line: 5
    Warning (15610): No output dependent on input pin "GPIO_1[14]" File: C:/Users/kolto/Desktop/CPEN_391/l2a-01-triviasoc/Hardware/partyBox.v Line: 5
    Warning (15610): No output dependent on input pin "GPIO_1[15]" File: C:/Users/kolto/Desktop/CPEN_391/l2a-01-triviasoc/Hardware/partyBox.v Line: 5
    Warning (15610): No output dependent on input pin "GPIO_1[16]" File: C:/Users/kolto/Desktop/CPEN_391/l2a-01-triviasoc/Hardware/partyBox.v Line: 5
    Warning (15610): No output dependent on input pin "GPIO_1[17]" File: C:/Users/kolto/Desktop/CPEN_391/l2a-01-triviasoc/Hardware/partyBox.v Line: 5
    Warning (15610): No output dependent on input pin "GPIO_1[18]" File: C:/Users/kolto/Desktop/CPEN_391/l2a-01-triviasoc/Hardware/partyBox.v Line: 5
    Warning (15610): No output dependent on input pin "GPIO_1[19]" File: C:/Users/kolto/Desktop/CPEN_391/l2a-01-triviasoc/Hardware/partyBox.v Line: 5
    Warning (15610): No output dependent on input pin "GPIO_1[20]" File: C:/Users/kolto/Desktop/CPEN_391/l2a-01-triviasoc/Hardware/partyBox.v Line: 5
    Warning (15610): No output dependent on input pin "GPIO_1[21]" File: C:/Users/kolto/Desktop/CPEN_391/l2a-01-triviasoc/Hardware/partyBox.v Line: 5
    Warning (15610): No output dependent on input pin "GPIO_1[22]" File: C:/Users/kolto/Desktop/CPEN_391/l2a-01-triviasoc/Hardware/partyBox.v Line: 5
    Warning (15610): No output dependent on input pin "GPIO_1[23]" File: C:/Users/kolto/Desktop/CPEN_391/l2a-01-triviasoc/Hardware/partyBox.v Line: 5
    Warning (15610): No output dependent on input pin "GPIO_1[24]" File: C:/Users/kolto/Desktop/CPEN_391/l2a-01-triviasoc/Hardware/partyBox.v Line: 5
    Warning (15610): No output dependent on input pin "GPIO_1[25]" File: C:/Users/kolto/Desktop/CPEN_391/l2a-01-triviasoc/Hardware/partyBox.v Line: 5
    Warning (15610): No output dependent on input pin "GPIO_1[26]" File: C:/Users/kolto/Desktop/CPEN_391/l2a-01-triviasoc/Hardware/partyBox.v Line: 5
    Warning (15610): No output dependent on input pin "GPIO_1[27]" File: C:/Users/kolto/Desktop/CPEN_391/l2a-01-triviasoc/Hardware/partyBox.v Line: 5
    Warning (15610): No output dependent on input pin "GPIO_1[28]" File: C:/Users/kolto/Desktop/CPEN_391/l2a-01-triviasoc/Hardware/partyBox.v Line: 5
    Warning (15610): No output dependent on input pin "GPIO_1[29]" File: C:/Users/kolto/Desktop/CPEN_391/l2a-01-triviasoc/Hardware/partyBox.v Line: 5
    Warning (15610): No output dependent on input pin "GPIO_1[30]" File: C:/Users/kolto/Desktop/CPEN_391/l2a-01-triviasoc/Hardware/partyBox.v Line: 5
    Warning (15610): No output dependent on input pin "GPIO_1[31]" File: C:/Users/kolto/Desktop/CPEN_391/l2a-01-triviasoc/Hardware/partyBox.v Line: 5
    Warning (15610): No output dependent on input pin "GPIO_1[32]" File: C:/Users/kolto/Desktop/CPEN_391/l2a-01-triviasoc/Hardware/partyBox.v Line: 5
    Warning (15610): No output dependent on input pin "GPIO_1[33]" File: C:/Users/kolto/Desktop/CPEN_391/l2a-01-triviasoc/Hardware/partyBox.v Line: 5
    Warning (15610): No output dependent on input pin "GPIO_1[34]" File: C:/Users/kolto/Desktop/CPEN_391/l2a-01-triviasoc/Hardware/partyBox.v Line: 5
    Warning (15610): No output dependent on input pin "GPIO_1[35]" File: C:/Users/kolto/Desktop/CPEN_391/l2a-01-triviasoc/Hardware/partyBox.v Line: 5
Info (21057): Implemented 142 device resources after synthesis - the final resource count might be different
    Info (21058): Implemented 51 input pins
    Info (21059): Implemented 52 output pins
    Info (21061): Implemented 39 logic cells
Info: Quartus Prime Partition Merge was successful. 0 errors, 52 warnings
    Info: Peak virtual memory: 4754 megabytes
    Info: Processing ended: Tue Feb 07 09:38:32 2023
    Info: Elapsed time: 00:00:01
    Info: Total CPU time (on all processors): 00:00:01


