Archive member included to satisfy reference by file (symbol)

c:/intelfpga_lite/18.1/nios2eds/bin/gnu/h-x86_64-mingw32/bin/../lib/gcc/nios2-elf/5.3.0/../../../../../H-x86_64-mingw32/nios2-elf/lib\libsmallc.a(lib_a-memcpy.o)
                              obj/default/hello_world_small.o (memcpy)
c:/intelfpga_lite/18.1/nios2eds/bin/gnu/h-x86_64-mingw32/bin/../lib/gcc/nios2-elf/5.3.0/../../../../../H-x86_64-mingw32/nios2-elf/lib\libsmallc.a(lib_a-memset.o)
                              obj/default/hello_world_small.o (memset)
../party_remake_bsp/\libhal_bsp.a(alt_load.o)
                              ../party_remake_bsp//obj/HAL/src/crt0.o (alt_load)
../party_remake_bsp/\libhal_bsp.a(alt_main.o)
                              ../party_remake_bsp//obj/HAL/src/crt0.o (alt_main)
../party_remake_bsp/\libhal_bsp.a(alt_putstr.o)
                              obj/default/hello_world_small.o (alt_putstr)
../party_remake_bsp/\libhal_bsp.a(alt_sys_init.o)
                              ../party_remake_bsp/\libhal_bsp.a(alt_main.o) (alt_irq_init)
../party_remake_bsp/\libhal_bsp.a(altera_avalon_jtag_uart_write.o)
                              ../party_remake_bsp/\libhal_bsp.a(alt_putstr.o) (altera_avalon_jtag_uart_write)
../party_remake_bsp/\libhal_bsp.a(altera_up_avalon_video_character_buffer_with_dma.o)
                              ../party_remake_bsp/\libhal_bsp.a(alt_sys_init.o) (alt_up_char_buffer_init)
../party_remake_bsp/\libhal_bsp.a(altera_up_avalon_video_pixel_buffer_dma.o)
                              obj/default/hello_world_small.o (alt_up_pixel_buffer_dma_open_dev)
../party_remake_bsp/\libhal_bsp.a(alt_dcache_flush_all.o)
                              ../party_remake_bsp/\libhal_bsp.a(alt_load.o) (alt_dcache_flush_all)
../party_remake_bsp/\libhal_bsp.a(alt_dev.o)
                              ../party_remake_bsp/\libhal_bsp.a(alt_sys_init.o) (alt_dev_list)
../party_remake_bsp/\libhal_bsp.a(alt_dev_llist_insert.o)
                              ../party_remake_bsp/\libhal_bsp.a(alt_sys_init.o) (alt_dev_llist_insert)
../party_remake_bsp/\libhal_bsp.a(alt_errno.o)
                              ../party_remake_bsp/\libhal_bsp.a(alt_dev_llist_insert.o) (alt_errno)
../party_remake_bsp/\libhal_bsp.a(alt_find_dev.o)
                              ../party_remake_bsp/\libhal_bsp.a(altera_up_avalon_video_character_buffer_with_dma.o) (alt_find_dev)
../party_remake_bsp/\libhal_bsp.a(alt_icache_flush_all.o)
                              ../party_remake_bsp/\libhal_bsp.a(alt_load.o) (alt_icache_flush_all)
../party_remake_bsp/\libhal_bsp.a(altera_nios2_gen2_irq.o)
                              ../party_remake_bsp/\libhal_bsp.a(alt_sys_init.o) (altera_nios2_gen2_irq_init)
../party_remake_bsp/\libhal_bsp.a(alt_icache_flush.o)
                              ../party_remake_bsp/\libhal_bsp.a(alt_icache_flush_all.o) (alt_icache_flush)
c:/intelfpga_lite/18.1/nios2eds/bin/gnu/h-x86_64-mingw32/bin/../lib/gcc/nios2-elf/5.3.0/../../../../../H-x86_64-mingw32/nios2-elf/lib\libsmallc.a(lib_a-int_errno.o)
                              ../party_remake_bsp/\libhal_bsp.a(alt_dev_llist_insert.o) (errno)
c:/intelfpga_lite/18.1/nios2eds/bin/gnu/h-x86_64-mingw32/bin/../lib/gcc/nios2-elf/5.3.0/../../../../../H-x86_64-mingw32/nios2-elf/lib\libsmallc.a(lib_a-memcmp.o)
                              ../party_remake_bsp/\libhal_bsp.a(alt_find_dev.o) (memcmp)
c:/intelfpga_lite/18.1/nios2eds/bin/gnu/h-x86_64-mingw32/bin/../lib/gcc/nios2-elf/5.3.0/../../../../../H-x86_64-mingw32/nios2-elf/lib\libsmallc.a(lib_a-strcmp.o)
                              ../party_remake_bsp/\libhal_bsp.a(altera_up_avalon_video_character_buffer_with_dma.o) (strcmp)
c:/intelfpga_lite/18.1/nios2eds/bin/gnu/h-x86_64-mingw32/bin/../lib/gcc/nios2-elf/5.3.0/../../../../../H-x86_64-mingw32/nios2-elf/lib\libsmallc.a(lib_a-strlen.o)
                              ../party_remake_bsp/\libhal_bsp.a(alt_putstr.o) (strlen)

Allocating common symbols
Common symbol       size              file

player_list         0x28              obj/default/hello_world_small.o
errno               0x4               c:/intelfpga_lite/18.1/nios2eds/bin/gnu/h-x86_64-mingw32/bin/../lib/gcc/nios2-elf/5.3.0/../../../../../H-x86_64-mingw32/nios2-elf/lib\libsmallc.a(lib_a-int_errno.o)
char_buffer         0x4               obj/default/hello_world_small.o
pixel_buffer        0x4               obj/default/hello_world_small.o

Memory Configuration

Name             Origin             Length             Attributes
reset            0x0000000004000000 0x0000000000000020
SDRAM            0x0000000004000020 0x0000000003ffffe0
Onchip_Memory    0x0000000008010000 0x000000000000a000
*default*        0x0000000000000000 0xffffffffffffffff

Linker script and memory map

LOAD ../party_remake_bsp//obj/HAL/src/crt0.o
LOAD obj/default/hello_world_small.o
LOAD c:/intelfpga_lite/18.1/nios2eds/bin/gnu/h-x86_64-mingw32/bin/../lib/gcc/nios2-elf/5.3.0/../../../../../H-x86_64-mingw32/nios2-elf/lib\libstdc++.a
LOAD c:/intelfpga_lite/18.1/nios2eds/bin/gnu/h-x86_64-mingw32/bin/../lib/gcc/nios2-elf/5.3.0/../../../../../H-x86_64-mingw32/nios2-elf/lib\libm.a
LOAD c:/intelfpga_lite/18.1/nios2eds/bin/gnu/h-x86_64-mingw32/bin/../lib/gcc/nios2-elf/5.3.0\libgcc.a
START GROUP
LOAD c:/intelfpga_lite/18.1/nios2eds/bin/gnu/h-x86_64-mingw32/bin/../lib/gcc/nios2-elf/5.3.0/../../../../../H-x86_64-mingw32/nios2-elf/lib\libsmallc.a
LOAD c:/intelfpga_lite/18.1/nios2eds/bin/gnu/h-x86_64-mingw32/bin/../lib/gcc/nios2-elf/5.3.0\libgcc.a
LOAD ../party_remake_bsp/\libhal_bsp.a
LOAD c:/intelfpga_lite/18.1/nios2eds/bin/gnu/h-x86_64-mingw32/bin/../lib/gcc/nios2-elf/5.3.0/../../../../../H-x86_64-mingw32/nios2-elf/lib\libm.a
END GROUP
LOAD c:/intelfpga_lite/18.1/nios2eds/bin/gnu/h-x86_64-mingw32/bin/../lib/gcc/nios2-elf/5.3.0\libgcc.a
                0x0000000004000000                __alt_mem_SDRAM = 0x4000000
                0x0000000008010000                __alt_mem_Onchip_Memory = 0x8010000

.entry          0x0000000004000000       0x20
 *(.entry)
 .entry         0x0000000004000000       0x20 ../party_remake_bsp//obj/HAL/src/crt0.o
                0x0000000004000000                __reset
                0x000000000400001c                _exit

.exceptions     0x0000000004000020        0x0
                0x0000000004000020                PROVIDE (__ram_exceptions_start, ABSOLUTE (.))
                0x0000000004000020                . = ALIGN (0x20)
 *(.irq)
 *(.exceptions.entry.label)
 *(.exceptions.entry.user)
 *(.exceptions.entry.ecc_fatal)
 *(.exceptions.entry)
 *(.exceptions.irqtest.user)
 *(.exceptions.irqtest)
 *(.exceptions.irqhandler.user)
 *(.exceptions.irqhandler)
 *(.exceptions.irqreturn.user)
 *(.exceptions.irqreturn)
 *(.exceptions.notirq.label)
 *(.exceptions.notirq.user)
 *(.exceptions.notirq)
 *(.exceptions.soft.user)
 *(.exceptions.soft)
 *(.exceptions.unknown.user)
 *(.exceptions.unknown)
 *(.exceptions.exit.label)
 *(.exceptions.exit.user)
 *(.exceptions.exit)
 *(.exceptions)
                0x0000000004000020                PROVIDE (__ram_exceptions_end, ABSOLUTE (.))
                0x0000000004000020                PROVIDE (__flash_exceptions_start, LOADADDR (.exceptions))

.text           0x0000000004000020     0x119c
                [!provide]                        PROVIDE (stext, ABSOLUTE (.))
 *(.interp)
 *(.hash)
 *(.dynsym)
 *(.dynstr)
 *(.gnu.version)
 *(.gnu.version_d)
 *(.gnu.version_r)
 *(.rel.init)
 *(.rela.init)
 *(.rel.text .rel.text.* .rel.gnu.linkonce.t.*)
 *(.rela.text .rela.text.* .rela.gnu.linkonce.t.*)
 *(.rel.fini)
 *(.rela.fini)
 *(.rel.rodata .rel.rodata.* .rel.gnu.linkonce.r.*)
 *(.rela.rodata .rela.rodata.* .rela.gnu.linkonce.r.*)
 *(.rel.data .rel.data.* .rel.gnu.linkonce.d.*)
 *(.rela.data .rela.data.* .rela.gnu.linkonce.d.*)
 *(.rel.tdata .rel.tdata.* .rel.gnu.linkonce.td.*)
 *(.rela.tdata .rela.tdata.* .rela.gnu.linkonce.td.*)
 *(.rel.tbss .rel.tbss.* .rel.gnu.linkonce.tb.*)
 *(.rela.tbss .rela.tbss.* .rela.gnu.linkonce.tb.*)
 *(.rel.ctors)
 *(.rela.ctors)
 *(.rel.dtors)
 *(.rela.dtors)
 *(.rel.got)
 *(.rela.got)
 *(.rel.sdata .rel.sdata.* .rel.gnu.linkonce.s.*)
 *(.rela.sdata .rela.sdata.* .rela.gnu.linkonce.s.*)
 *(.rel.sbss .rel.sbss.* .rel.gnu.linkonce.sb.*)
 *(.rela.sbss .rela.sbss.* .rela.gnu.linkonce.sb.*)
 *(.rel.sdata2 .rel.sdata2.* .rel.gnu.linkonce.s2.*)
 *(.rela.sdata2 .rela.sdata2.* .rela.gnu.linkonce.s2.*)
 *(.rel.sbss2 .rel.sbss2.* .rel.gnu.linkonce.sb2.*)
 *(.rela.sbss2 .rela.sbss2.* .rela.gnu.linkonce.sb2.*)
 *(.rel.bss .rel.bss.* .rel.gnu.linkonce.b.*)
 *(.rela.bss .rela.bss.* .rela.gnu.linkonce.b.*)
 *(.rel.plt)
 *(.rela.plt)
 *(.rel.dyn)
 *(.init)
 *(.plt)
 *(.text .stub .text.* .gnu.linkonce.t.*)
 .text          0x0000000004000020       0x4c ../party_remake_bsp//obj/HAL/src/crt0.o
                0x0000000004000020                _start
 .text          0x000000000400006c      0x1f0 obj/default/hello_world_small.o
                0x000000000400006c                init_room_setup
                0x00000000040001ec                button_trigger
                0x0000000004000224                init_question_gameplay
 .text.startup  0x000000000400025c        0xc obj/default/hello_world_small.o
                0x000000000400025c                main
 .text          0x0000000004000268        0x0 c:/intelfpga_lite/18.1/nios2eds/bin/gnu/h-x86_64-mingw32/bin/../lib/gcc/nios2-elf/5.3.0/../../../../../H-x86_64-mingw32/nios2-elf/lib\libsmallc.a(lib_a-memcpy.o)
 .text.memcpy   0x0000000004000268       0x28 c:/intelfpga_lite/18.1/nios2eds/bin/gnu/h-x86_64-mingw32/bin/../lib/gcc/nios2-elf/5.3.0/../../../../../H-x86_64-mingw32/nios2-elf/lib\libsmallc.a(lib_a-memcpy.o)
                0x0000000004000268                memcpy
 .text          0x0000000004000290        0x0 c:/intelfpga_lite/18.1/nios2eds/bin/gnu/h-x86_64-mingw32/bin/../lib/gcc/nios2-elf/5.3.0/../../../../../H-x86_64-mingw32/nios2-elf/lib\libsmallc.a(lib_a-memset.o)
 .text.memset   0x0000000004000290       0x20 c:/intelfpga_lite/18.1/nios2eds/bin/gnu/h-x86_64-mingw32/bin/../lib/gcc/nios2-elf/5.3.0/../../../../../H-x86_64-mingw32/nios2-elf/lib\libsmallc.a(lib_a-memset.o)
                0x0000000004000290                memset
 .text          0x00000000040002b0       0xe0 ../party_remake_bsp/\libhal_bsp.a(alt_load.o)
                0x00000000040002b0                alt_load
 .text          0x0000000004000390       0x2c ../party_remake_bsp/\libhal_bsp.a(alt_main.o)
                0x0000000004000390                alt_main
 .text          0x00000000040003bc       0x38 ../party_remake_bsp/\libhal_bsp.a(alt_putstr.o)
                0x00000000040003bc                alt_putstr
 .text          0x00000000040003f4      0x1d4 ../party_remake_bsp/\libhal_bsp.a(alt_sys_init.o)
                0x00000000040003fc                alt_irq_init
                0x000000000400041c                alt_sys_init
 .text          0x00000000040005c8       0x34 ../party_remake_bsp/\libhal_bsp.a(altera_avalon_jtag_uart_write.o)
                0x00000000040005c8                altera_avalon_jtag_uart_write
 .text          0x00000000040005fc      0x130 ../party_remake_bsp/\libhal_bsp.a(altera_up_avalon_video_character_buffer_with_dma.o)
                0x00000000040005fc                alt_up_char_buffer_init
                0x0000000004000648                alt_up_char_buffer_open_dev
                0x0000000004000650                alt_up_char_buffer_draw
                0x00000000040006a0                alt_up_char_buffer_string
                0x000000000400070c                alt_up_char_buffer_clear
 .text          0x000000000400072c      0x8c0 ../party_remake_bsp/\libhal_bsp.a(altera_up_avalon_video_pixel_buffer_dma.o)
                0x000000000400072c                alt_up_pixel_buffer_dma_open_dev
                0x0000000004000734                alt_up_pixel_buffer_dma_draw
                0x00000000040007cc                alt_up_pixel_buffer_dma_change_back_buffer_address
                0x00000000040007e8                alt_up_pixel_buffer_dma_swap_buffers
                0x000000000400080c                alt_up_pixel_buffer_dma_check_swap_buffers_status
                0x000000000400081c                alt_up_pixel_buffer_dma_clear_screen
                0x00000000040008ac                alt_up_pixel_buffer_dma_draw_box
                0x0000000004000a74                alt_up_pixel_buffer_dma_draw_hline
                0x0000000004000bb0                alt_up_pixel_buffer_dma_draw_vline
                0x0000000004000d0c                alt_up_pixel_buffer_dma_draw_rectangle
                0x0000000004000dd8                helper_plot_pixel
                0x0000000004000e24                alt_up_pixel_buffer_dma_draw_line
 .text          0x0000000004000fec       0x18 ../party_remake_bsp/\libhal_bsp.a(alt_dcache_flush_all.o)
                0x0000000004000fec                alt_dcache_flush_all
 .text          0x0000000004001004        0x8 ../party_remake_bsp/\libhal_bsp.a(alt_dev.o)
 .text          0x000000000400100c       0x6c ../party_remake_bsp/\libhal_bsp.a(alt_dev_llist_insert.o)
                0x000000000400100c                alt_dev_llist_insert
 .text          0x0000000004001078        0x0 ../party_remake_bsp/\libhal_bsp.a(alt_errno.o)
 .text          0x0000000004001078       0x74 ../party_remake_bsp/\libhal_bsp.a(alt_find_dev.o)
                0x0000000004001078                alt_find_dev
 .text          0x00000000040010ec        0xc ../party_remake_bsp/\libhal_bsp.a(alt_icache_flush_all.o)
                0x00000000040010ec                alt_icache_flush_all
 .text          0x00000000040010f8        0x8 ../party_remake_bsp/\libhal_bsp.a(altera_nios2_gen2_irq.o)
                0x00000000040010f8                altera_nios2_gen2_irq_init
 .text          0x0000000004001100       0x38 ../party_remake_bsp/\libhal_bsp.a(alt_icache_flush.o)
                0x0000000004001100                alt_icache_flush
 .text          0x0000000004001138        0x0 c:/intelfpga_lite/18.1/nios2eds/bin/gnu/h-x86_64-mingw32/bin/../lib/gcc/nios2-elf/5.3.0/../../../../../H-x86_64-mingw32/nios2-elf/lib\libsmallc.a(lib_a-int_errno.o)
 .text          0x0000000004001138        0x0 c:/intelfpga_lite/18.1/nios2eds/bin/gnu/h-x86_64-mingw32/bin/../lib/gcc/nios2-elf/5.3.0/../../../../../H-x86_64-mingw32/nios2-elf/lib\libsmallc.a(lib_a-memcmp.o)
 .text.memcmp   0x0000000004001138       0x30 c:/intelfpga_lite/18.1/nios2eds/bin/gnu/h-x86_64-mingw32/bin/../lib/gcc/nios2-elf/5.3.0/../../../../../H-x86_64-mingw32/nios2-elf/lib\libsmallc.a(lib_a-memcmp.o)
                0x0000000004001138                memcmp
 .text          0x0000000004001168        0x0 c:/intelfpga_lite/18.1/nios2eds/bin/gnu/h-x86_64-mingw32/bin/../lib/gcc/nios2-elf/5.3.0/../../../../../H-x86_64-mingw32/nios2-elf/lib\libsmallc.a(lib_a-strcmp.o)
 .text.strcmp   0x0000000004001168       0x38 c:/intelfpga_lite/18.1/nios2eds/bin/gnu/h-x86_64-mingw32/bin/../lib/gcc/nios2-elf/5.3.0/../../../../../H-x86_64-mingw32/nios2-elf/lib\libsmallc.a(lib_a-strcmp.o)
                0x0000000004001168                strcmp
 .text          0x00000000040011a0        0x0 c:/intelfpga_lite/18.1/nios2eds/bin/gnu/h-x86_64-mingw32/bin/../lib/gcc/nios2-elf/5.3.0/../../../../../H-x86_64-mingw32/nios2-elf/lib\libsmallc.a(lib_a-strlen.o)
 .text.strlen   0x00000000040011a0       0x1c c:/intelfpga_lite/18.1/nios2eds/bin/gnu/h-x86_64-mingw32/bin/../lib/gcc/nios2-elf/5.3.0/../../../../../H-x86_64-mingw32/nios2-elf/lib\libsmallc.a(lib_a-strlen.o)
                0x00000000040011a0                strlen
 *(.gnu.warning.*)
 *(.fini)
                [!provide]                        PROVIDE (__etext, ABSOLUTE (.))
                [!provide]                        PROVIDE (_etext, ABSOLUTE (.))
                [!provide]                        PROVIDE (etext, ABSOLUTE (.))
 *(.eh_frame_hdr)
                0x00000000040011bc                . = ALIGN (0x4)
                [!provide]                        PROVIDE (__preinit_array_start, ABSOLUTE (.))
 *(.preinit_array)
                [!provide]                        PROVIDE (__preinit_array_end, ABSOLUTE (.))
                [!provide]                        PROVIDE (__init_array_start, ABSOLUTE (.))
 *(.init_array)
                [!provide]                        PROVIDE (__init_array_end, ABSOLUTE (.))
                [!provide]                        PROVIDE (__fini_array_start, ABSOLUTE (.))
 *(.fini_array)
                [!provide]                        PROVIDE (__fini_array_end, ABSOLUTE (.))
 *(.eh_frame)
 *(.gcc_except_table .gcc_except_table.*)
 *(.dynamic)
                [!provide]                        PROVIDE (__CTOR_LIST__, ABSOLUTE (.))
 *(.ctors)
 *(SORT(.ctors.*))
                [!provide]                        PROVIDE (__CTOR_END__, ABSOLUTE (.))
                [!provide]                        PROVIDE (__DTOR_LIST__, ABSOLUTE (.))
 *(.dtors)
 *(SORT(.dtors.*))
                [!provide]                        PROVIDE (__DTOR_END__, ABSOLUTE (.))
 *(.jcr)
                0x00000000040011bc                . = ALIGN (0x4)

.rodata         0x00000000040011bc      0x18c
                0x00000000040011bc                PROVIDE (__ram_rodata_start, ABSOLUTE (.))
                0x00000000040011bc                . = ALIGN (0x4)
 *(.rodata .rodata.* .gnu.linkonce.r.*)
 .rodata.str1.4
                0x00000000040011bc       0xe3 obj/default/hello_world_small.o
 *fill*         0x000000000400129f        0x1 
 .rodata        0x00000000040012a0       0x50 obj/default/hello_world_small.o
 .rodata.str1.4
                0x00000000040012f0       0x4b ../party_remake_bsp/\libhal_bsp.a(alt_sys_init.o)
                                         0x5f (size before relaxing)
 .rodata.str1.4
                0x000000000400133b       0x4b ../party_remake_bsp/\libhal_bsp.a(altera_up_avalon_video_character_buffer_with_dma.o)
                                         0x1a (size before relaxing)
 *fill*         0x000000000400133b        0x1 
 .rodata.str1.4
                0x000000000400133c        0xc ../party_remake_bsp/\libhal_bsp.a(alt_dev.o)
                                          0xa (size before relaxing)
 *(.rodata1)
                0x0000000004001348                . = ALIGN (0x4)
                0x0000000004001348                PROVIDE (__ram_rodata_end, ABSOLUTE (.))
                0x00000000040011bc                PROVIDE (__flash_rodata_start, LOADADDR (.rodata))

.rwdata         0x0000000004001348      0x188 load address 0x00000000040014d0
                0x0000000004001348                PROVIDE (__ram_rwdata_start, ABSOLUTE (.))
                0x0000000004001348                . = ALIGN (0x4)
 *(.got.plt)
 *(.got)
 *(.data1)
 *(.data .data.* .gnu.linkonce.d.*)
 .data          0x0000000004001348        0x0 ../party_remake_bsp//obj/HAL/src/crt0.o
 .data          0x0000000004001348        0x0 obj/default/hello_world_small.o
 .data          0x0000000004001348        0x0 c:/intelfpga_lite/18.1/nios2eds/bin/gnu/h-x86_64-mingw32/bin/../lib/gcc/nios2-elf/5.3.0/../../../../../H-x86_64-mingw32/nios2-elf/lib\libsmallc.a(lib_a-memcpy.o)
 .data          0x0000000004001348        0x0 c:/intelfpga_lite/18.1/nios2eds/bin/gnu/h-x86_64-mingw32/bin/../lib/gcc/nios2-elf/5.3.0/../../../../../H-x86_64-mingw32/nios2-elf/lib\libsmallc.a(lib_a-memset.o)
 .data          0x0000000004001348        0x0 ../party_remake_bsp/\libhal_bsp.a(alt_load.o)
 .data          0x0000000004001348        0x0 ../party_remake_bsp/\libhal_bsp.a(alt_main.o)
 .data          0x0000000004001348        0x0 ../party_remake_bsp/\libhal_bsp.a(alt_putstr.o)
 .data          0x0000000004001348      0x110 ../party_remake_bsp/\libhal_bsp.a(alt_sys_init.o)
 .data          0x0000000004001458        0x0 ../party_remake_bsp/\libhal_bsp.a(altera_avalon_jtag_uart_write.o)
 .data          0x0000000004001458        0x0 ../party_remake_bsp/\libhal_bsp.a(altera_up_avalon_video_character_buffer_with_dma.o)
 .data          0x0000000004001458        0x0 ../party_remake_bsp/\libhal_bsp.a(altera_up_avalon_video_pixel_buffer_dma.o)
 .data          0x0000000004001458        0x0 ../party_remake_bsp/\libhal_bsp.a(alt_dcache_flush_all.o)
 .data          0x0000000004001458       0x58 ../party_remake_bsp/\libhal_bsp.a(alt_dev.o)
                0x0000000004001458                alt_fd_list
                0x0000000004001488                alt_dev_null
 .data          0x00000000040014b0        0x0 ../party_remake_bsp/\libhal_bsp.a(alt_dev_llist_insert.o)
 .data          0x00000000040014b0        0x0 ../party_remake_bsp/\libhal_bsp.a(alt_errno.o)
 .data          0x00000000040014b0        0x0 ../party_remake_bsp/\libhal_bsp.a(alt_find_dev.o)
 .data          0x00000000040014b0        0x0 ../party_remake_bsp/\libhal_bsp.a(alt_icache_flush_all.o)
 .data          0x00000000040014b0        0x0 ../party_remake_bsp/\libhal_bsp.a(altera_nios2_gen2_irq.o)
 .data          0x00000000040014b0        0x0 ../party_remake_bsp/\libhal_bsp.a(alt_icache_flush.o)
 .data          0x00000000040014b0        0x0 c:/intelfpga_lite/18.1/nios2eds/bin/gnu/h-x86_64-mingw32/bin/../lib/gcc/nios2-elf/5.3.0/../../../../../H-x86_64-mingw32/nios2-elf/lib\libsmallc.a(lib_a-int_errno.o)
 .data          0x00000000040014b0        0x0 c:/intelfpga_lite/18.1/nios2eds/bin/gnu/h-x86_64-mingw32/bin/../lib/gcc/nios2-elf/5.3.0/../../../../../H-x86_64-mingw32/nios2-elf/lib\libsmallc.a(lib_a-memcmp.o)
 .data          0x00000000040014b0        0x0 c:/intelfpga_lite/18.1/nios2eds/bin/gnu/h-x86_64-mingw32/bin/../lib/gcc/nios2-elf/5.3.0/../../../../../H-x86_64-mingw32/nios2-elf/lib\libsmallc.a(lib_a-strcmp.o)
 .data          0x00000000040014b0        0x0 c:/intelfpga_lite/18.1/nios2eds/bin/gnu/h-x86_64-mingw32/bin/../lib/gcc/nios2-elf/5.3.0/../../../../../H-x86_64-mingw32/nios2-elf/lib\libsmallc.a(lib_a-strlen.o)
                0x00000000040094b0                _gp = ABSOLUTE ((. + 0x8000))
                [!provide]                        PROVIDE (gp, _gp)
 *(.rwdata .rwdata.*)
 *(.sdata .sdata.* .gnu.linkonce.s.*)
 .sdata         0x00000000040014b0        0x1 obj/default/hello_world_small.o
                0x00000000040014b0                game_state
 *fill*         0x00000000040014b1        0x3 
 .sdata         0x00000000040014b4        0x4 ../party_remake_bsp/\libhal_bsp.a(alt_sys_init.o)
                0x00000000040014b4                JTAG
 .sdata         0x00000000040014b8       0x14 ../party_remake_bsp/\libhal_bsp.a(alt_dev.o)
                0x00000000040014b8                alt_max_fd
                0x00000000040014bc                alt_dev_list
                0x00000000040014c4                alt_fs_list
 .sdata         0x00000000040014cc        0x4 ../party_remake_bsp/\libhal_bsp.a(alt_errno.o)
                0x00000000040014cc                alt_errno
 *(.sdata2 .sdata2.* .gnu.linkonce.s2.*)
                0x00000000040014d0                . = ALIGN (0x4)
                0x00000000040014d0                _edata = ABSOLUTE (.)
                [!provide]                        PROVIDE (edata, ABSOLUTE (.))
                0x00000000040014d0                PROVIDE (__ram_rwdata_end, ABSOLUTE (.))
                0x00000000040014d0                PROVIDE (__flash_rwdata_start, LOADADDR (.rwdata))

.bss            0x0000000004001658       0x50
                0x0000000004001658                __bss_start = ABSOLUTE (.)
                [!provide]                        PROVIDE (__sbss_start, ABSOLUTE (.))
                [!provide]                        PROVIDE (___sbss_start, ABSOLUTE (.))
 *(.dynsbss)
 *(.sbss .sbss.* .gnu.linkonce.sb.*)
 .sbss          0x0000000004001658       0x10 obj/default/hello_world_small.o
                0x0000000004001658                current_count
                0x000000000400165c                global_count
                0x0000000004001660                team_two_score
                0x0000000004001664                team_one_score
 .sbss          0x0000000004001668        0x8 obj/default/hello_world_small.o
                0x0000000004001668                char_buffer
                0x000000000400166c                pixel_buffer
 .sbss          0x0000000004001670        0xc ../party_remake_bsp/\libhal_bsp.a(alt_main.o)
                0x0000000004001670                alt_envp
                0x0000000004001674                alt_argv
                0x0000000004001678                alt_argc
 .sbss          0x000000000400167c        0x4 c:/intelfpga_lite/18.1/nios2eds/bin/gnu/h-x86_64-mingw32/bin/../lib/gcc/nios2-elf/5.3.0/../../../../../H-x86_64-mingw32/nios2-elf/lib\libsmallc.a(lib_a-int_errno.o)
                0x000000000400167c                errno
 *(.sbss2 .sbss2.* .gnu.linkonce.sb2.*)
 *(.scommon)
                [!provide]                        PROVIDE (__sbss_end, ABSOLUTE (.))
                [!provide]                        PROVIDE (___sbss_end, ABSOLUTE (.))
 *(.dynbss)
 *(.bss .bss.* .gnu.linkonce.b.*)
 .bss           0x0000000004001680        0x0 ../party_remake_bsp//obj/HAL/src/crt0.o
 .bss           0x0000000004001680        0x0 obj/default/hello_world_small.o
 .bss           0x0000000004001680        0x0 c:/intelfpga_lite/18.1/nios2eds/bin/gnu/h-x86_64-mingw32/bin/../lib/gcc/nios2-elf/5.3.0/../../../../../H-x86_64-mingw32/nios2-elf/lib\libsmallc.a(lib_a-memcpy.o)
 .bss           0x0000000004001680        0x0 c:/intelfpga_lite/18.1/nios2eds/bin/gnu/h-x86_64-mingw32/bin/../lib/gcc/nios2-elf/5.3.0/../../../../../H-x86_64-mingw32/nios2-elf/lib\libsmallc.a(lib_a-memset.o)
 .bss           0x0000000004001680        0x0 ../party_remake_bsp/\libhal_bsp.a(alt_load.o)
 .bss           0x0000000004001680        0x0 ../party_remake_bsp/\libhal_bsp.a(alt_main.o)
 .bss           0x0000000004001680        0x0 ../party_remake_bsp/\libhal_bsp.a(alt_putstr.o)
 .bss           0x0000000004001680        0x0 ../party_remake_bsp/\libhal_bsp.a(alt_sys_init.o)
 .bss           0x0000000004001680        0x0 ../party_remake_bsp/\libhal_bsp.a(altera_avalon_jtag_uart_write.o)
 .bss           0x0000000004001680        0x0 ../party_remake_bsp/\libhal_bsp.a(altera_up_avalon_video_character_buffer_with_dma.o)
 .bss           0x0000000004001680        0x0 ../party_remake_bsp/\libhal_bsp.a(altera_up_avalon_video_pixel_buffer_dma.o)
 .bss           0x0000000004001680        0x0 ../party_remake_bsp/\libhal_bsp.a(alt_dcache_flush_all.o)
 .bss           0x0000000004001680        0x0 ../party_remake_bsp/\libhal_bsp.a(alt_dev.o)
 .bss           0x0000000004001680        0x0 ../party_remake_bsp/\libhal_bsp.a(alt_dev_llist_insert.o)
 .bss           0x0000000004001680        0x0 ../party_remake_bsp/\libhal_bsp.a(alt_errno.o)
 .bss           0x0000000004001680        0x0 ../party_remake_bsp/\libhal_bsp.a(alt_find_dev.o)
 .bss           0x0000000004001680        0x0 ../party_remake_bsp/\libhal_bsp.a(alt_icache_flush_all.o)
 .bss           0x0000000004001680        0x0 ../party_remake_bsp/\libhal_bsp.a(altera_nios2_gen2_irq.o)
 .bss           0x0000000004001680        0x0 ../party_remake_bsp/\libhal_bsp.a(alt_icache_flush.o)
 .bss           0x0000000004001680        0x0 c:/intelfpga_lite/18.1/nios2eds/bin/gnu/h-x86_64-mingw32/bin/../lib/gcc/nios2-elf/5.3.0/../../../../../H-x86_64-mingw32/nios2-elf/lib\libsmallc.a(lib_a-int_errno.o)
 .bss           0x0000000004001680        0x0 c:/intelfpga_lite/18.1/nios2eds/bin/gnu/h-x86_64-mingw32/bin/../lib/gcc/nios2-elf/5.3.0/../../../../../H-x86_64-mingw32/nios2-elf/lib\libsmallc.a(lib_a-memcmp.o)
 .bss           0x0000000004001680        0x0 c:/intelfpga_lite/18.1/nios2eds/bin/gnu/h-x86_64-mingw32/bin/../lib/gcc/nios2-elf/5.3.0/../../../../../H-x86_64-mingw32/nios2-elf/lib\libsmallc.a(lib_a-strcmp.o)
 .bss           0x0000000004001680        0x0 c:/intelfpga_lite/18.1/nios2eds/bin/gnu/h-x86_64-mingw32/bin/../lib/gcc/nios2-elf/5.3.0/../../../../../H-x86_64-mingw32/nios2-elf/lib\libsmallc.a(lib_a-strlen.o)
 *(COMMON)
 COMMON         0x0000000004001680       0x28 obj/default/hello_world_small.o
                0x0000000004001680                player_list
                0x00000000040016a8                . = ALIGN (0x4)
                0x00000000040016a8                __bss_end = ABSOLUTE (.)

.SDRAM          0x00000000040016a8        0x0
                [!provide]                        PROVIDE (_alt_partition_SDRAM_start, ABSOLUTE (.))
 *(.SDRAM .SDRAM. SDRAM.*)
                0x00000000040016a8                . = ALIGN (0x4)
                [!provide]                        PROVIDE (_alt_partition_SDRAM_end, ABSOLUTE (.))
                0x00000000040016a8                _end = ABSOLUTE (.)
                0x00000000040016a8                end = ABSOLUTE (.)
                0x00000000040016a8                __alt_stack_base = ABSOLUTE (.)
                [!provide]                        PROVIDE (_alt_partition_SDRAM_load_addr, LOADADDR (.SDRAM))

.Onchip_Memory  0x0000000008010000        0x0 load address 0x00000000040016a8
                [!provide]                        PROVIDE (_alt_partition_Onchip_Memory_start, ABSOLUTE (.))
 *(.Onchip_Memory .Onchip_Memory. Onchip_Memory.*)
                0x0000000008010000                . = ALIGN (0x4)
                [!provide]                        PROVIDE (_alt_partition_Onchip_Memory_end, ABSOLUTE (.))
                [!provide]                        PROVIDE (_alt_partition_Onchip_Memory_load_addr, LOADADDR (.Onchip_Memory))

.stab
 *(.stab)

.stabstr
 *(.stabstr)

.stab.excl
 *(.stab.excl)

.stab.exclstr
 *(.stab.exclstr)

.stab.index
 *(.stab.index)

.stab.indexstr
 *(.stab.indexstr)

.comment        0x0000000000000000       0x23
 *(.comment)
 .comment       0x0000000000000000       0x23 obj/default/hello_world_small.o
                                         0x24 (size before relaxing)
 .comment       0x0000000000000023       0x24 c:/intelfpga_lite/18.1/nios2eds/bin/gnu/h-x86_64-mingw32/bin/../lib/gcc/nios2-elf/5.3.0/../../../../../H-x86_64-mingw32/nios2-elf/lib\libsmallc.a(lib_a-memcpy.o)
 .comment       0x0000000000000023       0x24 c:/intelfpga_lite/18.1/nios2eds/bin/gnu/h-x86_64-mingw32/bin/../lib/gcc/nios2-elf/5.3.0/../../../../../H-x86_64-mingw32/nios2-elf/lib\libsmallc.a(lib_a-memset.o)
 .comment       0x0000000000000023       0x24 ../party_remake_bsp/\libhal_bsp.a(alt_load.o)
 .comment       0x0000000000000023       0x24 ../party_remake_bsp/\libhal_bsp.a(alt_main.o)
 .comment       0x0000000000000023       0x24 ../party_remake_bsp/\libhal_bsp.a(alt_putstr.o)
 .comment       0x0000000000000023       0x24 ../party_remake_bsp/\libhal_bsp.a(alt_sys_init.o)
 .comment       0x0000000000000023       0x24 ../party_remake_bsp/\libhal_bsp.a(altera_avalon_jtag_uart_write.o)
 .comment       0x0000000000000023       0x24 ../party_remake_bsp/\libhal_bsp.a(altera_up_avalon_video_character_buffer_with_dma.o)
 .comment       0x0000000000000023       0x24 ../party_remake_bsp/\libhal_bsp.a(altera_up_avalon_video_pixel_buffer_dma.o)
 .comment       0x0000000000000023       0x24 ../party_remake_bsp/\libhal_bsp.a(alt_dcache_flush_all.o)
 .comment       0x0000000000000023       0x24 ../party_remake_bsp/\libhal_bsp.a(alt_dev.o)
 .comment       0x0000000000000023       0x24 ../party_remake_bsp/\libhal_bsp.a(alt_dev_llist_insert.o)
 .comment       0x0000000000000023       0x24 ../party_remake_bsp/\libhal_bsp.a(alt_errno.o)
 .comment       0x0000000000000023       0x24 ../party_remake_bsp/\libhal_bsp.a(alt_find_dev.o)
 .comment       0x0000000000000023       0x24 ../party_remake_bsp/\libhal_bsp.a(alt_icache_flush_all.o)
 .comment       0x0000000000000023       0x24 ../party_remake_bsp/\libhal_bsp.a(altera_nios2_gen2_irq.o)
 .comment       0x0000000000000023       0x24 ../party_remake_bsp/\libhal_bsp.a(alt_icache_flush.o)
 .comment       0x0000000000000023       0x24 c:/intelfpga_lite/18.1/nios2eds/bin/gnu/h-x86_64-mingw32/bin/../lib/gcc/nios2-elf/5.3.0/../../../../../H-x86_64-mingw32/nios2-elf/lib\libsmallc.a(lib_a-int_errno.o)
 .comment       0x0000000000000023       0x24 c:/intelfpga_lite/18.1/nios2eds/bin/gnu/h-x86_64-mingw32/bin/../lib/gcc/nios2-elf/5.3.0/../../../../../H-x86_64-mingw32/nios2-elf/lib\libsmallc.a(lib_a-memcmp.o)
 .comment       0x0000000000000023       0x24 c:/intelfpga_lite/18.1/nios2eds/bin/gnu/h-x86_64-mingw32/bin/../lib/gcc/nios2-elf/5.3.0/../../../../../H-x86_64-mingw32/nios2-elf/lib\libsmallc.a(lib_a-strcmp.o)
 .comment       0x0000000000000023       0x24 c:/intelfpga_lite/18.1/nios2eds/bin/gnu/h-x86_64-mingw32/bin/../lib/gcc/nios2-elf/5.3.0/../../../../../H-x86_64-mingw32/nios2-elf/lib\libsmallc.a(lib_a-strlen.o)

.debug
 *(.debug)

.line
 *(.line)

.debug_srcinfo
 *(.debug_srcinfo)

.debug_sfnames
 *(.debug_sfnames)

.debug_aranges  0x0000000000000000      0x2e0
 *(.debug_aranges)
 .debug_aranges
                0x0000000000000000       0x28 ../party_remake_bsp//obj/HAL/src/crt0.o
 .debug_aranges
                0x0000000000000028       0x28 obj/default/hello_world_small.o
 .debug_aranges
                0x0000000000000050       0x20 c:/intelfpga_lite/18.1/nios2eds/bin/gnu/h-x86_64-mingw32/bin/../lib/gcc/nios2-elf/5.3.0/../../../../../H-x86_64-mingw32/nios2-elf/lib\libsmallc.a(lib_a-memcpy.o)
 .debug_aranges
                0x0000000000000070       0x20 c:/intelfpga_lite/18.1/nios2eds/bin/gnu/h-x86_64-mingw32/bin/../lib/gcc/nios2-elf/5.3.0/../../../../../H-x86_64-mingw32/nios2-elf/lib\libsmallc.a(lib_a-memset.o)
 .debug_aranges
                0x0000000000000090       0x20 ../party_remake_bsp/\libhal_bsp.a(alt_load.o)
 .debug_aranges
                0x00000000000000b0       0x20 ../party_remake_bsp/\libhal_bsp.a(alt_main.o)
 .debug_aranges
                0x00000000000000d0       0x20 ../party_remake_bsp/\libhal_bsp.a(alt_putstr.o)
 .debug_aranges
                0x00000000000000f0       0x20 ../party_remake_bsp/\libhal_bsp.a(alt_sys_init.o)
 .debug_aranges
                0x0000000000000110       0x20 ../party_remake_bsp/\libhal_bsp.a(altera_avalon_jtag_uart_write.o)
 .debug_aranges
                0x0000000000000130       0x20 ../party_remake_bsp/\libhal_bsp.a(altera_up_avalon_video_character_buffer_with_dma.o)
 .debug_aranges
                0x0000000000000150       0x20 ../party_remake_bsp/\libhal_bsp.a(altera_up_avalon_video_pixel_buffer_dma.o)
 .debug_aranges
                0x0000000000000170       0x20 ../party_remake_bsp/\libhal_bsp.a(alt_dcache_flush_all.o)
 .debug_aranges
                0x0000000000000190       0x20 ../party_remake_bsp/\libhal_bsp.a(alt_dev.o)
 .debug_aranges
                0x00000000000001b0       0x20 ../party_remake_bsp/\libhal_bsp.a(alt_dev_llist_insert.o)
 .debug_aranges
                0x00000000000001d0       0x18 ../party_remake_bsp/\libhal_bsp.a(alt_errno.o)
 .debug_aranges
                0x00000000000001e8       0x20 ../party_remake_bsp/\libhal_bsp.a(alt_find_dev.o)
 .debug_aranges
                0x0000000000000208       0x20 ../party_remake_bsp/\libhal_bsp.a(alt_icache_flush_all.o)
 .debug_aranges
                0x0000000000000228       0x20 ../party_remake_bsp/\libhal_bsp.a(altera_nios2_gen2_irq.o)
 .debug_aranges
                0x0000000000000248       0x20 ../party_remake_bsp/\libhal_bsp.a(alt_icache_flush.o)
 .debug_aranges
                0x0000000000000268       0x18 c:/intelfpga_lite/18.1/nios2eds/bin/gnu/h-x86_64-mingw32/bin/../lib/gcc/nios2-elf/5.3.0/../../../../../H-x86_64-mingw32/nios2-elf/lib\libsmallc.a(lib_a-int_errno.o)
 .debug_aranges
                0x0000000000000280       0x20 c:/intelfpga_lite/18.1/nios2eds/bin/gnu/h-x86_64-mingw32/bin/../lib/gcc/nios2-elf/5.3.0/../../../../../H-x86_64-mingw32/nios2-elf/lib\libsmallc.a(lib_a-memcmp.o)
 .debug_aranges
                0x00000000000002a0       0x20 c:/intelfpga_lite/18.1/nios2eds/bin/gnu/h-x86_64-mingw32/bin/../lib/gcc/nios2-elf/5.3.0/../../../../../H-x86_64-mingw32/nios2-elf/lib\libsmallc.a(lib_a-strcmp.o)
 .debug_aranges
                0x00000000000002c0       0x20 c:/intelfpga_lite/18.1/nios2eds/bin/gnu/h-x86_64-mingw32/bin/../lib/gcc/nios2-elf/5.3.0/../../../../../H-x86_64-mingw32/nios2-elf/lib\libsmallc.a(lib_a-strlen.o)

.debug_pubnames
 *(.debug_pubnames)

.debug_info     0x0000000000000000     0x384f
 *(.debug_info .gnu.linkonce.wi.*)
 .debug_info    0x0000000000000000       0x8a ../party_remake_bsp//obj/HAL/src/crt0.o
 .debug_info    0x000000000000008a      0x7af obj/default/hello_world_small.o
 .debug_info    0x0000000000000839      0x119 c:/intelfpga_lite/18.1/nios2eds/bin/gnu/h-x86_64-mingw32/bin/../lib/gcc/nios2-elf/5.3.0/../../../../../H-x86_64-mingw32/nios2-elf/lib\libsmallc.a(lib_a-memcpy.o)
 .debug_info    0x0000000000000952       0xdc c:/intelfpga_lite/18.1/nios2eds/bin/gnu/h-x86_64-mingw32/bin/../lib/gcc/nios2-elf/5.3.0/../../../../../H-x86_64-mingw32/nios2-elf/lib\libsmallc.a(lib_a-memset.o)
 .debug_info    0x0000000000000a2e      0x1c9 ../party_remake_bsp/\libhal_bsp.a(alt_load.o)
 .debug_info    0x0000000000000bf7      0x18f ../party_remake_bsp/\libhal_bsp.a(alt_main.o)
 .debug_info    0x0000000000000d86      0x13a ../party_remake_bsp/\libhal_bsp.a(alt_putstr.o)
 .debug_info    0x0000000000000ec0      0x6c2 ../party_remake_bsp/\libhal_bsp.a(alt_sys_init.o)
 .debug_info    0x0000000000001582      0x1ad ../party_remake_bsp/\libhal_bsp.a(altera_avalon_jtag_uart_write.o)
 .debug_info    0x000000000000172f      0x4ab ../party_remake_bsp/\libhal_bsp.a(altera_up_avalon_video_character_buffer_with_dma.o)
 .debug_info    0x0000000000001bda      0xc5d ../party_remake_bsp/\libhal_bsp.a(altera_up_avalon_video_pixel_buffer_dma.o)
 .debug_info    0x0000000000002837       0xa6 ../party_remake_bsp/\libhal_bsp.a(alt_dcache_flush_all.o)
 .debug_info    0x00000000000028dd      0x499 ../party_remake_bsp/\libhal_bsp.a(alt_dev.o)
 .debug_info    0x0000000000002d76      0x1b3 ../party_remake_bsp/\libhal_bsp.a(alt_dev_llist_insert.o)
 .debug_info    0x0000000000002f29       0xa6 ../party_remake_bsp/\libhal_bsp.a(alt_errno.o)
 .debug_info    0x0000000000002fcf      0x32d ../party_remake_bsp/\libhal_bsp.a(alt_find_dev.o)
 .debug_info    0x00000000000032fc       0xb8 ../party_remake_bsp/\libhal_bsp.a(alt_icache_flush_all.o)
 .debug_info    0x00000000000033b4       0xb8 ../party_remake_bsp/\libhal_bsp.a(altera_nios2_gen2_irq.o)
 .debug_info    0x000000000000346c       0xde ../party_remake_bsp/\libhal_bsp.a(alt_icache_flush.o)
 .debug_info    0x000000000000354a       0x8a c:/intelfpga_lite/18.1/nios2eds/bin/gnu/h-x86_64-mingw32/bin/../lib/gcc/nios2-elf/5.3.0/../../../../../H-x86_64-mingw32/nios2-elf/lib\libsmallc.a(lib_a-int_errno.o)
 .debug_info    0x00000000000035d4       0xf4 c:/intelfpga_lite/18.1/nios2eds/bin/gnu/h-x86_64-mingw32/bin/../lib/gcc/nios2-elf/5.3.0/../../../../../H-x86_64-mingw32/nios2-elf/lib\libsmallc.a(lib_a-memcmp.o)
 .debug_info    0x00000000000036c8       0xbe c:/intelfpga_lite/18.1/nios2eds/bin/gnu/h-x86_64-mingw32/bin/../lib/gcc/nios2-elf/5.3.0/../../../../../H-x86_64-mingw32/nios2-elf/lib\libsmallc.a(lib_a-strcmp.o)
 .debug_info    0x0000000000003786       0xc9 c:/intelfpga_lite/18.1/nios2eds/bin/gnu/h-x86_64-mingw32/bin/../lib/gcc/nios2-elf/5.3.0/../../../../../H-x86_64-mingw32/nios2-elf/lib\libsmallc.a(lib_a-strlen.o)

.debug_abbrev   0x0000000000000000     0x12ab
 *(.debug_abbrev)
 .debug_abbrev  0x0000000000000000       0x12 ../party_remake_bsp//obj/HAL/src/crt0.o
 .debug_abbrev  0x0000000000000012      0x1aa obj/default/hello_world_small.o
 .debug_abbrev  0x00000000000001bc       0x9c c:/intelfpga_lite/18.1/nios2eds/bin/gnu/h-x86_64-mingw32/bin/../lib/gcc/nios2-elf/5.3.0/../../../../../H-x86_64-mingw32/nios2-elf/lib\libsmallc.a(lib_a-memcpy.o)
 .debug_abbrev  0x0000000000000258       0x8e c:/intelfpga_lite/18.1/nios2eds/bin/gnu/h-x86_64-mingw32/bin/../lib/gcc/nios2-elf/5.3.0/../../../../../H-x86_64-mingw32/nios2-elf/lib\libsmallc.a(lib_a-memset.o)
 .debug_abbrev  0x00000000000002e6       0xd8 ../party_remake_bsp/\libhal_bsp.a(alt_load.o)
 .debug_abbrev  0x00000000000003be       0xf5 ../party_remake_bsp/\libhal_bsp.a(alt_main.o)
 .debug_abbrev  0x00000000000004b3       0xd3 ../party_remake_bsp/\libhal_bsp.a(alt_putstr.o)
 .debug_abbrev  0x0000000000000586      0x1b8 ../party_remake_bsp/\libhal_bsp.a(alt_sys_init.o)
 .debug_abbrev  0x000000000000073e       0xd5 ../party_remake_bsp/\libhal_bsp.a(altera_avalon_jtag_uart_write.o)
 .debug_abbrev  0x0000000000000813      0x16b ../party_remake_bsp/\libhal_bsp.a(altera_up_avalon_video_character_buffer_with_dma.o)
 .debug_abbrev  0x000000000000097e      0x256 ../party_remake_bsp/\libhal_bsp.a(altera_up_avalon_video_pixel_buffer_dma.o)
 .debug_abbrev  0x0000000000000bd4       0x5a ../party_remake_bsp/\libhal_bsp.a(alt_dcache_flush_all.o)
 .debug_abbrev  0x0000000000000c2e       0xd9 ../party_remake_bsp/\libhal_bsp.a(alt_dev.o)
 .debug_abbrev  0x0000000000000d07      0x11c ../party_remake_bsp/\libhal_bsp.a(alt_dev_llist_insert.o)
 .debug_abbrev  0x0000000000000e23       0x5a ../party_remake_bsp/\libhal_bsp.a(alt_errno.o)
 .debug_abbrev  0x0000000000000e7d      0x125 ../party_remake_bsp/\libhal_bsp.a(alt_find_dev.o)
 .debug_abbrev  0x0000000000000fa2       0x6f ../party_remake_bsp/\libhal_bsp.a(alt_icache_flush_all.o)
 .debug_abbrev  0x0000000000001011       0x67 ../party_remake_bsp/\libhal_bsp.a(altera_nios2_gen2_irq.o)
 .debug_abbrev  0x0000000000001078       0x9b ../party_remake_bsp/\libhal_bsp.a(alt_icache_flush.o)
 .debug_abbrev  0x0000000000001113       0x37 c:/intelfpga_lite/18.1/nios2eds/bin/gnu/h-x86_64-mingw32/bin/../lib/gcc/nios2-elf/5.3.0/../../../../../H-x86_64-mingw32/nios2-elf/lib\libsmallc.a(lib_a-int_errno.o)
 .debug_abbrev  0x000000000000114a       0x7f c:/intelfpga_lite/18.1/nios2eds/bin/gnu/h-x86_64-mingw32/bin/../lib/gcc/nios2-elf/5.3.0/../../../../../H-x86_64-mingw32/nios2-elf/lib\libsmallc.a(lib_a-memcmp.o)
 .debug_abbrev  0x00000000000011c9       0x63 c:/intelfpga_lite/18.1/nios2eds/bin/gnu/h-x86_64-mingw32/bin/../lib/gcc/nios2-elf/5.3.0/../../../../../H-x86_64-mingw32/nios2-elf/lib\libsmallc.a(lib_a-strcmp.o)
 .debug_abbrev  0x000000000000122c       0x7f c:/intelfpga_lite/18.1/nios2eds/bin/gnu/h-x86_64-mingw32/bin/../lib/gcc/nios2-elf/5.3.0/../../../../../H-x86_64-mingw32/nios2-elf/lib\libsmallc.a(lib_a-strlen.o)

.debug_line     0x0000000000000000     0x18e2
 *(.debug_line)
 .debug_line    0x0000000000000000       0x72 ../party_remake_bsp//obj/HAL/src/crt0.o
 .debug_line    0x0000000000000072      0x1d2 obj/default/hello_world_small.o
 .debug_line    0x0000000000000244      0x15b c:/intelfpga_lite/18.1/nios2eds/bin/gnu/h-x86_64-mingw32/bin/../lib/gcc/nios2-elf/5.3.0/../../../../../H-x86_64-mingw32/nios2-elf/lib\libsmallc.a(lib_a-memcpy.o)
 .debug_line    0x000000000000039f      0x15a c:/intelfpga_lite/18.1/nios2eds/bin/gnu/h-x86_64-mingw32/bin/../lib/gcc/nios2-elf/5.3.0/../../../../../H-x86_64-mingw32/nios2-elf/lib\libsmallc.a(lib_a-memset.o)
 .debug_line    0x00000000000004f9       0xa4 ../party_remake_bsp/\libhal_bsp.a(alt_load.o)
 .debug_line    0x000000000000059d       0xea ../party_remake_bsp/\libhal_bsp.a(alt_main.o)
 .debug_line    0x0000000000000687       0xa0 ../party_remake_bsp/\libhal_bsp.a(alt_putstr.o)
 .debug_line    0x0000000000000727      0x246 ../party_remake_bsp/\libhal_bsp.a(alt_sys_init.o)
 .debug_line    0x000000000000096d      0x104 ../party_remake_bsp/\libhal_bsp.a(altera_avalon_jtag_uart_write.o)
 .debug_line    0x0000000000000a71      0x1a5 ../party_remake_bsp/\libhal_bsp.a(altera_up_avalon_video_character_buffer_with_dma.o)
 .debug_line    0x0000000000000c16      0x3df ../party_remake_bsp/\libhal_bsp.a(altera_up_avalon_video_pixel_buffer_dma.o)
 .debug_line    0x0000000000000ff5       0x5a ../party_remake_bsp/\libhal_bsp.a(alt_dcache_flush_all.o)
 .debug_line    0x000000000000104f       0xf6 ../party_remake_bsp/\libhal_bsp.a(alt_dev.o)
 .debug_line    0x0000000000001145       0xd8 ../party_remake_bsp/\libhal_bsp.a(alt_dev_llist_insert.o)
 .debug_line    0x000000000000121d       0x51 ../party_remake_bsp/\libhal_bsp.a(alt_errno.o)
 .debug_line    0x000000000000126e      0x107 ../party_remake_bsp/\libhal_bsp.a(alt_find_dev.o)
 .debug_line    0x0000000000001375       0x6e ../party_remake_bsp/\libhal_bsp.a(alt_icache_flush_all.o)
 .debug_line    0x00000000000013e3       0x8c ../party_remake_bsp/\libhal_bsp.a(altera_nios2_gen2_irq.o)
 .debug_line    0x000000000000146f       0x7d ../party_remake_bsp/\libhal_bsp.a(alt_icache_flush.o)
 .debug_line    0x00000000000014ec       0x5c c:/intelfpga_lite/18.1/nios2eds/bin/gnu/h-x86_64-mingw32/bin/../lib/gcc/nios2-elf/5.3.0/../../../../../H-x86_64-mingw32/nios2-elf/lib\libsmallc.a(lib_a-int_errno.o)
 .debug_line    0x0000000000001548      0x15d c:/intelfpga_lite/18.1/nios2eds/bin/gnu/h-x86_64-mingw32/bin/../lib/gcc/nios2-elf/5.3.0/../../../../../H-x86_64-mingw32/nios2-elf/lib\libsmallc.a(lib_a-memcmp.o)
 .debug_line    0x00000000000016a5       0xe4 c:/intelfpga_lite/18.1/nios2eds/bin/gnu/h-x86_64-mingw32/bin/../lib/gcc/nios2-elf/5.3.0/../../../../../H-x86_64-mingw32/nios2-elf/lib\libsmallc.a(lib_a-strcmp.o)
 .debug_line    0x0000000000001789      0x159 c:/intelfpga_lite/18.1/nios2eds/bin/gnu/h-x86_64-mingw32/bin/../lib/gcc/nios2-elf/5.3.0/../../../../../H-x86_64-mingw32/nios2-elf/lib\libsmallc.a(lib_a-strlen.o)

.debug_frame    0x0000000000000000      0x4c0
 *(.debug_frame)
 .debug_frame   0x0000000000000000       0x70 obj/default/hello_world_small.o
 .debug_frame   0x0000000000000070       0x20 c:/intelfpga_lite/18.1/nios2eds/bin/gnu/h-x86_64-mingw32/bin/../lib/gcc/nios2-elf/5.3.0/../../../../../H-x86_64-mingw32/nios2-elf/lib\libsmallc.a(lib_a-memcpy.o)
 .debug_frame   0x0000000000000090       0x20 c:/intelfpga_lite/18.1/nios2eds/bin/gnu/h-x86_64-mingw32/bin/../lib/gcc/nios2-elf/5.3.0/../../../../../H-x86_64-mingw32/nios2-elf/lib\libsmallc.a(lib_a-memset.o)
 .debug_frame   0x00000000000000b0       0x30 ../party_remake_bsp/\libhal_bsp.a(alt_load.o)
 .debug_frame   0x00000000000000e0       0x2c ../party_remake_bsp/\libhal_bsp.a(alt_main.o)
 .debug_frame   0x000000000000010c       0x30 ../party_remake_bsp/\libhal_bsp.a(alt_putstr.o)
 .debug_frame   0x000000000000013c       0x5c ../party_remake_bsp/\libhal_bsp.a(alt_sys_init.o)
 .debug_frame   0x0000000000000198       0x20 ../party_remake_bsp/\libhal_bsp.a(altera_avalon_jtag_uart_write.o)
 .debug_frame   0x00000000000001b8       0x70 ../party_remake_bsp/\libhal_bsp.a(altera_up_avalon_video_character_buffer_with_dma.o)
 .debug_frame   0x0000000000000228      0x130 ../party_remake_bsp/\libhal_bsp.a(altera_up_avalon_video_pixel_buffer_dma.o)
 .debug_frame   0x0000000000000358       0x20 ../party_remake_bsp/\libhal_bsp.a(alt_dcache_flush_all.o)
 .debug_frame   0x0000000000000378       0x20 ../party_remake_bsp/\libhal_bsp.a(alt_dev.o)
 .debug_frame   0x0000000000000398       0x2c ../party_remake_bsp/\libhal_bsp.a(alt_dev_llist_insert.o)
 .debug_frame   0x00000000000003c4       0x3c ../party_remake_bsp/\libhal_bsp.a(alt_find_dev.o)
 .debug_frame   0x0000000000000400       0x20 ../party_remake_bsp/\libhal_bsp.a(alt_icache_flush_all.o)
 .debug_frame   0x0000000000000420       0x20 ../party_remake_bsp/\libhal_bsp.a(altera_nios2_gen2_irq.o)
 .debug_frame   0x0000000000000440       0x20 ../party_remake_bsp/\libhal_bsp.a(alt_icache_flush.o)
 .debug_frame   0x0000000000000460       0x20 c:/intelfpga_lite/18.1/nios2eds/bin/gnu/h-x86_64-mingw32/bin/../lib/gcc/nios2-elf/5.3.0/../../../../../H-x86_64-mingw32/nios2-elf/lib\libsmallc.a(lib_a-memcmp.o)
 .debug_frame   0x0000000000000480       0x20 c:/intelfpga_lite/18.1/nios2eds/bin/gnu/h-x86_64-mingw32/bin/../lib/gcc/nios2-elf/5.3.0/../../../../../H-x86_64-mingw32/nios2-elf/lib\libsmallc.a(lib_a-strcmp.o)
 .debug_frame   0x00000000000004a0       0x20 c:/intelfpga_lite/18.1/nios2eds/bin/gnu/h-x86_64-mingw32/bin/../lib/gcc/nios2-elf/5.3.0/../../../../../H-x86_64-mingw32/nios2-elf/lib\libsmallc.a(lib_a-strlen.o)

.debug_str      0x0000000000000000     0x1011
 *(.debug_str)
 .debug_str     0x0000000000000000      0x446 obj/default/hello_world_small.o
                                        0x4b6 (size before relaxing)
 .debug_str     0x0000000000000446      0x134 c:/intelfpga_lite/18.1/nios2eds/bin/gnu/h-x86_64-mingw32/bin/../lib/gcc/nios2-elf/5.3.0/../../../../../H-x86_64-mingw32/nios2-elf/lib\libsmallc.a(lib_a-memcpy.o)
                                        0x1d9 (size before relaxing)
 .debug_str     0x000000000000057a       0x3a c:/intelfpga_lite/18.1/nios2eds/bin/gnu/h-x86_64-mingw32/bin/../lib/gcc/nios2-elf/5.3.0/../../../../../H-x86_64-mingw32/nios2-elf/lib\libsmallc.a(lib_a-memset.o)
                                        0x1c5 (size before relaxing)
 .debug_str     0x00000000000005b4      0x169 ../party_remake_bsp/\libhal_bsp.a(alt_load.o)
                                        0x255 (size before relaxing)
 .debug_str     0x000000000000071d       0x5e ../party_remake_bsp/\libhal_bsp.a(alt_main.o)
                                        0x1f7 (size before relaxing)
 .debug_str     0x000000000000077b       0x5f ../party_remake_bsp/\libhal_bsp.a(alt_putstr.o)
                                        0x1a4 (size before relaxing)
 .debug_str     0x00000000000007da      0x1dc ../party_remake_bsp/\libhal_bsp.a(alt_sys_init.o)
                                        0x50c (size before relaxing)
 .debug_str     0x00000000000009b6       0x2c ../party_remake_bsp/\libhal_bsp.a(altera_avalon_jtag_uart_write.o)
                                        0x24f (size before relaxing)
 .debug_str     0x00000000000009e2       0x58 ../party_remake_bsp/\libhal_bsp.a(altera_up_avalon_video_character_buffer_with_dma.o)
                                        0x34f (size before relaxing)
 .debug_str     0x0000000000000a3a      0x22e ../party_remake_bsp/\libhal_bsp.a(altera_up_avalon_video_pixel_buffer_dma.o)
                                        0x537 (size before relaxing)
 .debug_str     0x0000000000000c68       0x1f ../party_remake_bsp/\libhal_bsp.a(alt_dcache_flush_all.o)
                                        0x16e (size before relaxing)
 .debug_str     0x0000000000000c87      0x12c ../party_remake_bsp/\libhal_bsp.a(alt_dev.o)
                                        0x31e (size before relaxing)
 .debug_str     0x0000000000000db3       0x4e ../party_remake_bsp/\libhal_bsp.a(alt_dev_llist_insert.o)
                                        0x1e5 (size before relaxing)
 .debug_str     0x0000000000000e01       0x14 ../party_remake_bsp/\libhal_bsp.a(alt_errno.o)
                                        0x15e (size before relaxing)
 .debug_str     0x0000000000000e15       0x1e ../party_remake_bsp/\libhal_bsp.a(alt_find_dev.o)
                                        0x213 (size before relaxing)
 .debug_str     0x0000000000000e33       0x30 ../party_remake_bsp/\libhal_bsp.a(alt_icache_flush_all.o)
                                        0x17f (size before relaxing)
 .debug_str     0x0000000000000e63       0x20 ../party_remake_bsp/\libhal_bsp.a(altera_nios2_gen2_irq.o)
                                        0x19e (size before relaxing)
 .debug_str     0x0000000000000e83       0x1b ../party_remake_bsp/\libhal_bsp.a(alt_icache_flush.o)
                                        0x174 (size before relaxing)
 .debug_str     0x0000000000000e9e       0xc5 c:/intelfpga_lite/18.1/nios2eds/bin/gnu/h-x86_64-mingw32/bin/../lib/gcc/nios2-elf/5.3.0/../../../../../H-x86_64-mingw32/nios2-elf/lib\libsmallc.a(lib_a-int_errno.o)
                                        0x1be (size before relaxing)
 .debug_str     0x0000000000000f63       0x3a c:/intelfpga_lite/18.1/nios2eds/bin/gnu/h-x86_64-mingw32/bin/../lib/gcc/nios2-elf/5.3.0/../../../../../H-x86_64-mingw32/nios2-elf/lib\libsmallc.a(lib_a-memcmp.o)
                                        0x1c5 (size before relaxing)
 .debug_str     0x0000000000000f9d       0x3a c:/intelfpga_lite/18.1/nios2eds/bin/gnu/h-x86_64-mingw32/bin/../lib/gcc/nios2-elf/5.3.0/../../../../../H-x86_64-mingw32/nios2-elf/lib\libsmallc.a(lib_a-strcmp.o)
                                        0x1be (size before relaxing)
 .debug_str     0x0000000000000fd7       0x3a c:/intelfpga_lite/18.1/nios2eds/bin/gnu/h-x86_64-mingw32/bin/../lib/gcc/nios2-elf/5.3.0/../../../../../H-x86_64-mingw32/nios2-elf/lib\libsmallc.a(lib_a-strlen.o)
                                        0x1cb (size before relaxing)

.debug_loc      0x0000000000000000     0x1a09
 *(.debug_loc)
 .debug_loc     0x0000000000000000       0x4a obj/default/hello_world_small.o
 .debug_loc     0x000000000000004a      0x135 c:/intelfpga_lite/18.1/nios2eds/bin/gnu/h-x86_64-mingw32/bin/../lib/gcc/nios2-elf/5.3.0/../../../../../H-x86_64-mingw32/nios2-elf/lib\libsmallc.a(lib_a-memcpy.o)
 .debug_loc     0x000000000000017f       0xa5 c:/intelfpga_lite/18.1/nios2eds/bin/gnu/h-x86_64-mingw32/bin/../lib/gcc/nios2-elf/5.3.0/../../../../../H-x86_64-mingw32/nios2-elf/lib\libsmallc.a(lib_a-memset.o)
 .debug_loc     0x0000000000000224       0x37 ../party_remake_bsp/\libhal_bsp.a(alt_putstr.o)
 .debug_loc     0x000000000000025b       0x68 ../party_remake_bsp/\libhal_bsp.a(alt_sys_init.o)
 .debug_loc     0x00000000000002c3       0x8b ../party_remake_bsp/\libhal_bsp.a(altera_avalon_jtag_uart_write.o)
 .debug_loc     0x000000000000034e      0x1e7 ../party_remake_bsp/\libhal_bsp.a(altera_up_avalon_video_character_buffer_with_dma.o)
 .debug_loc     0x0000000000000535     0x1279 ../party_remake_bsp/\libhal_bsp.a(altera_up_avalon_video_pixel_buffer_dma.o)
 .debug_loc     0x00000000000017ae       0x1f ../party_remake_bsp/\libhal_bsp.a(alt_dcache_flush_all.o)
 .debug_loc     0x00000000000017cd       0x7e ../party_remake_bsp/\libhal_bsp.a(alt_dev_llist_insert.o)
 .debug_loc     0x000000000000184b       0x7e ../party_remake_bsp/\libhal_bsp.a(alt_find_dev.o)
 .debug_loc     0x00000000000018c9       0x52 ../party_remake_bsp/\libhal_bsp.a(alt_icache_flush.o)
 .debug_loc     0x000000000000191b       0x94 c:/intelfpga_lite/18.1/nios2eds/bin/gnu/h-x86_64-mingw32/bin/../lib/gcc/nios2-elf/5.3.0/../../../../../H-x86_64-mingw32/nios2-elf/lib\libsmallc.a(lib_a-memcmp.o)
 .debug_loc     0x00000000000019af       0x3c c:/intelfpga_lite/18.1/nios2eds/bin/gnu/h-x86_64-mingw32/bin/../lib/gcc/nios2-elf/5.3.0/../../../../../H-x86_64-mingw32/nios2-elf/lib\libsmallc.a(lib_a-strcmp.o)
 .debug_loc     0x00000000000019eb       0x1e c:/intelfpga_lite/18.1/nios2eds/bin/gnu/h-x86_64-mingw32/bin/../lib/gcc/nios2-elf/5.3.0/../../../../../H-x86_64-mingw32/nios2-elf/lib\libsmallc.a(lib_a-strlen.o)

.debug_macinfo
 *(.debug_macinfo)

.debug_weaknames
 *(.debug_weaknames)

.debug_funcnames
 *(.debug_funcnames)

.debug_typenames
 *(.debug_typenames)

.debug_varnames
 *(.debug_varnames)

.debug_alt_sim_info
                0x0000000000000000       0x30
 *(.debug_alt_sim_info)
 .debug_alt_sim_info
                0x0000000000000000       0x30 ../party_remake_bsp//obj/HAL/src/crt0.o
                0x0000000008000000                __alt_data_end = 0x8000000
                0x0000000008000000                PROVIDE (__alt_stack_pointer, __alt_data_end)
                [!provide]                        PROVIDE (__alt_stack_limit, __alt_stack_base)
                [!provide]                        PROVIDE (__alt_heap_start, end)
                [!provide]                        PROVIDE (__alt_heap_limit, 0x8000000)
OUTPUT(party_remake.elf elf32-littlenios2)

.debug_ranges   0x0000000000000000      0x100
 .debug_ranges  0x0000000000000000       0x20 ../party_remake_bsp//obj/HAL/src/crt0.o
 .debug_ranges  0x0000000000000020       0x18 obj/default/hello_world_small.o
 .debug_ranges  0x0000000000000038       0x10 c:/intelfpga_lite/18.1/nios2eds/bin/gnu/h-x86_64-mingw32/bin/../lib/gcc/nios2-elf/5.3.0/../../../../../H-x86_64-mingw32/nios2-elf/lib\libsmallc.a(lib_a-memcpy.o)
 .debug_ranges  0x0000000000000048       0x10 c:/intelfpga_lite/18.1/nios2eds/bin/gnu/h-x86_64-mingw32/bin/../lib/gcc/nios2-elf/5.3.0/../../../../../H-x86_64-mingw32/nios2-elf/lib\libsmallc.a(lib_a-memset.o)
 .debug_ranges  0x0000000000000058       0x48 ../party_remake_bsp/\libhal_bsp.a(alt_load.o)
 .debug_ranges  0x00000000000000a0       0x20 ../party_remake_bsp/\libhal_bsp.a(alt_dev_llist_insert.o)
 .debug_ranges  0x00000000000000c0       0x10 ../party_remake_bsp/\libhal_bsp.a(alt_icache_flush.o)
 .debug_ranges  0x00000000000000d0       0x10 c:/intelfpga_lite/18.1/nios2eds/bin/gnu/h-x86_64-mingw32/bin/../lib/gcc/nios2-elf/5.3.0/../../../../../H-x86_64-mingw32/nios2-elf/lib\libsmallc.a(lib_a-memcmp.o)
 .debug_ranges  0x00000000000000e0       0x10 c:/intelfpga_lite/18.1/nios2eds/bin/gnu/h-x86_64-mingw32/bin/../lib/gcc/nios2-elf/5.3.0/../../../../../H-x86_64-mingw32/nios2-elf/lib\libsmallc.a(lib_a-strcmp.o)
 .debug_ranges  0x00000000000000f0       0x10 c:/intelfpga_lite/18.1/nios2eds/bin/gnu/h-x86_64-mingw32/bin/../lib/gcc/nios2-elf/5.3.0/../../../../../H-x86_64-mingw32/nios2-elf/lib\libsmallc.a(lib_a-strlen.o)
