Archive member included to satisfy reference by file (symbol)

../l_bsp/\libhal_bsp.a(alt_load.o)
                              ../l_bsp//obj/HAL/src/crt0.o (alt_load)
../l_bsp/\libhal_bsp.a(alt_main.o)
                              ../l_bsp//obj/HAL/src/crt0.o (alt_main)
../l_bsp/\libhal_bsp.a(alt_putstr.o)
                              obj/default/hello_world_small.o (alt_putstr)
../l_bsp/\libhal_bsp.a(alt_sys_init.o)
                              ../l_bsp/\libhal_bsp.a(alt_main.o) (alt_irq_init)
../l_bsp/\libhal_bsp.a(altera_avalon_jtag_uart_write.o)
                              ../l_bsp/\libhal_bsp.a(alt_putstr.o) (altera_avalon_jtag_uart_write)
../l_bsp/\libhal_bsp.a(altera_up_avalon_video_character_buffer_with_dma.o)
                              ../l_bsp/\libhal_bsp.a(alt_sys_init.o) (alt_up_char_buffer_init)
../l_bsp/\libhal_bsp.a(alt_dcache_flush_all.o)
                              ../l_bsp/\libhal_bsp.a(alt_load.o) (alt_dcache_flush_all)
../l_bsp/\libhal_bsp.a(alt_dev.o)
                              ../l_bsp/\libhal_bsp.a(alt_sys_init.o) (alt_dev_list)
../l_bsp/\libhal_bsp.a(alt_dev_llist_insert.o)
                              ../l_bsp/\libhal_bsp.a(alt_sys_init.o) (alt_dev_llist_insert)
../l_bsp/\libhal_bsp.a(alt_errno.o)
                              ../l_bsp/\libhal_bsp.a(alt_dev_llist_insert.o) (alt_errno)
../l_bsp/\libhal_bsp.a(alt_find_dev.o)
                              ../l_bsp/\libhal_bsp.a(altera_up_avalon_video_character_buffer_with_dma.o) (alt_find_dev)
../l_bsp/\libhal_bsp.a(alt_icache_flush_all.o)
                              ../l_bsp/\libhal_bsp.a(alt_load.o) (alt_icache_flush_all)
../l_bsp/\libhal_bsp.a(altera_nios2_gen2_irq.o)
                              ../l_bsp/\libhal_bsp.a(alt_sys_init.o) (altera_nios2_gen2_irq_init)
../l_bsp/\libhal_bsp.a(alt_icache_flush.o)
                              ../l_bsp/\libhal_bsp.a(alt_icache_flush_all.o) (alt_icache_flush)
c:/intelfpga_lite/18.1/nios2eds/bin/gnu/h-x86_64-mingw32/bin/../lib/gcc/nios2-elf/5.3.0/../../../../../H-x86_64-mingw32/nios2-elf/lib\libsmallc.a(lib_a-int_errno.o)
                              ../l_bsp/\libhal_bsp.a(alt_dev_llist_insert.o) (errno)
c:/intelfpga_lite/18.1/nios2eds/bin/gnu/h-x86_64-mingw32/bin/../lib/gcc/nios2-elf/5.3.0/../../../../../H-x86_64-mingw32/nios2-elf/lib\libsmallc.a(lib_a-memcmp.o)
                              ../l_bsp/\libhal_bsp.a(alt_find_dev.o) (memcmp)
c:/intelfpga_lite/18.1/nios2eds/bin/gnu/h-x86_64-mingw32/bin/../lib/gcc/nios2-elf/5.3.0/../../../../../H-x86_64-mingw32/nios2-elf/lib\libsmallc.a(lib_a-strcmp.o)
                              ../l_bsp/\libhal_bsp.a(altera_up_avalon_video_character_buffer_with_dma.o) (strcmp)
c:/intelfpga_lite/18.1/nios2eds/bin/gnu/h-x86_64-mingw32/bin/../lib/gcc/nios2-elf/5.3.0/../../../../../H-x86_64-mingw32/nios2-elf/lib\libsmallc.a(lib_a-strlen.o)
                              ../l_bsp/\libhal_bsp.a(alt_putstr.o) (strlen)

Allocating common symbols
Common symbol       size              file

errno               0x4               c:/intelfpga_lite/18.1/nios2eds/bin/gnu/h-x86_64-mingw32/bin/../lib/gcc/nios2-elf/5.3.0/../../../../../H-x86_64-mingw32/nios2-elf/lib\libsmallc.a(lib_a-int_errno.o)

Memory Configuration

Name             Origin             Length             Attributes
SDRAM            0x0000000000000000 0x0000000004000000
reset            0x0000000004020000 0x0000000000000020
Onchip_Memory    0x0000000004020020 0x0000000000009fe0
*default*        0x0000000000000000 0xffffffffffffffff

Linker script and memory map

LOAD ../l_bsp//obj/HAL/src/crt0.o
LOAD obj/default/hello_world_small.o
LOAD c:/intelfpga_lite/18.1/nios2eds/bin/gnu/h-x86_64-mingw32/bin/../lib/gcc/nios2-elf/5.3.0/../../../../../H-x86_64-mingw32/nios2-elf/lib\libstdc++.a
LOAD c:/intelfpga_lite/18.1/nios2eds/bin/gnu/h-x86_64-mingw32/bin/../lib/gcc/nios2-elf/5.3.0/../../../../../H-x86_64-mingw32/nios2-elf/lib\libm.a
LOAD c:/intelfpga_lite/18.1/nios2eds/bin/gnu/h-x86_64-mingw32/bin/../lib/gcc/nios2-elf/5.3.0\libgcc.a
START GROUP
LOAD c:/intelfpga_lite/18.1/nios2eds/bin/gnu/h-x86_64-mingw32/bin/../lib/gcc/nios2-elf/5.3.0/../../../../../H-x86_64-mingw32/nios2-elf/lib\libsmallc.a
LOAD c:/intelfpga_lite/18.1/nios2eds/bin/gnu/h-x86_64-mingw32/bin/../lib/gcc/nios2-elf/5.3.0\libgcc.a
LOAD ../l_bsp/\libhal_bsp.a
LOAD c:/intelfpga_lite/18.1/nios2eds/bin/gnu/h-x86_64-mingw32/bin/../lib/gcc/nios2-elf/5.3.0/../../../../../H-x86_64-mingw32/nios2-elf/lib\libm.a
END GROUP
LOAD c:/intelfpga_lite/18.1/nios2eds/bin/gnu/h-x86_64-mingw32/bin/../lib/gcc/nios2-elf/5.3.0\libgcc.a
                0x0000000000000000                __alt_mem_SDRAM = 0x0
                0x0000000004020000                __alt_mem_Onchip_Memory = 0x4020000

.entry          0x0000000004020000       0x20
 *(.entry)
 .entry         0x0000000004020000       0x20 ../l_bsp//obj/HAL/src/crt0.o
                0x0000000004020000                __reset
                0x000000000402001c                _exit

.exceptions     0x0000000004020020        0x0 load address 0x0000000000000000
                0x0000000004020020                PROVIDE (__ram_exceptions_start, ABSOLUTE (.))
                0x0000000004020020                . = ALIGN (0x20)
 *(.irq)
 *(.exceptions.entry.label)
 *(.exceptions.entry.user)
 *(.exceptions.entry.ecc_fatal)
 *(.exceptions.entry)
 *(.exceptions.irqtest.user)
 *(.exceptions.irqtest)
 *(.exceptions.irqhandler.user)
 *(.exceptions.irqhandler)
 *(.exceptions.irqreturn.user)
 *(.exceptions.irqreturn)
 *(.exceptions.notirq.label)
 *(.exceptions.notirq.user)
 *(.exceptions.notirq)
 *(.exceptions.soft.user)
 *(.exceptions.soft)
 *(.exceptions.unknown.user)
 *(.exceptions.unknown)
 *(.exceptions.exit.label)
 *(.exceptions.exit.user)
 *(.exceptions.exit)
 *(.exceptions)
                0x0000000004020020                PROVIDE (__ram_exceptions_end, ABSOLUTE (.))
                0x0000000000000000                PROVIDE (__flash_exceptions_start, LOADADDR (.exceptions))

.text           0x0000000000000000      0x6a8
                [!provide]                        PROVIDE (stext, ABSOLUTE (.))
 *(.interp)
 *(.hash)
 *(.dynsym)
 *(.dynstr)
 *(.gnu.version)
 *(.gnu.version_d)
 *(.gnu.version_r)
 *(.rel.init)
 *(.rela.init)
 *(.rel.text .rel.text.* .rel.gnu.linkonce.t.*)
 *(.rela.text .rela.text.* .rela.gnu.linkonce.t.*)
 *(.rel.fini)
 *(.rela.fini)
 *(.rel.rodata .rel.rodata.* .rel.gnu.linkonce.r.*)
 *(.rela.rodata .rela.rodata.* .rela.gnu.linkonce.r.*)
 *(.rel.data .rel.data.* .rel.gnu.linkonce.d.*)
 *(.rela.data .rela.data.* .rela.gnu.linkonce.d.*)
 *(.rel.tdata .rel.tdata.* .rel.gnu.linkonce.td.*)
 *(.rela.tdata .rela.tdata.* .rela.gnu.linkonce.td.*)
 *(.rel.tbss .rel.tbss.* .rel.gnu.linkonce.tb.*)
 *(.rela.tbss .rela.tbss.* .rela.gnu.linkonce.tb.*)
 *(.rel.ctors)
 *(.rela.ctors)
 *(.rel.dtors)
 *(.rela.dtors)
 *(.rel.got)
 *(.rela.got)
 *(.rel.sdata .rel.sdata.* .rel.gnu.linkonce.s.*)
 *(.rela.sdata .rela.sdata.* .rela.gnu.linkonce.s.*)
 *(.rel.sbss .rel.sbss.* .rel.gnu.linkonce.sb.*)
 *(.rela.sbss .rela.sbss.* .rela.gnu.linkonce.sb.*)
 *(.rel.sdata2 .rel.sdata2.* .rel.gnu.linkonce.s2.*)
 *(.rela.sdata2 .rela.sdata2.* .rela.gnu.linkonce.s2.*)
 *(.rel.sbss2 .rel.sbss2.* .rel.gnu.linkonce.sb2.*)
 *(.rela.sbss2 .rela.sbss2.* .rela.gnu.linkonce.sb2.*)
 *(.rel.bss .rel.bss.* .rel.gnu.linkonce.b.*)
 *(.rela.bss .rela.bss.* .rela.gnu.linkonce.b.*)
 *(.rel.plt)
 *(.rela.plt)
 *(.rel.dyn)
 *(.init)
 *(.plt)
 *(.text .stub .text.* .gnu.linkonce.t.*)
 .text          0x0000000000000000       0x4c ../l_bsp//obj/HAL/src/crt0.o
                0x0000000000000000                _start
 .text          0x000000000000004c        0x0 obj/default/hello_world_small.o
 .text.startup  0x000000000000004c       0x18 obj/default/hello_world_small.o
                0x000000000000004c                main
 .text          0x0000000000000064       0xe0 ../l_bsp/\libhal_bsp.a(alt_load.o)
                0x0000000000000064                alt_load
 .text          0x0000000000000144       0x2c ../l_bsp/\libhal_bsp.a(alt_main.o)
                0x0000000000000144                alt_main
 .text          0x0000000000000170       0x38 ../l_bsp/\libhal_bsp.a(alt_putstr.o)
                0x0000000000000170                alt_putstr
 .text          0x00000000000001a8      0x1cc ../l_bsp/\libhal_bsp.a(alt_sys_init.o)
                0x00000000000001a8                alt_irq_init
                0x00000000000001c8                alt_sys_init
 .text          0x0000000000000374       0x34 ../l_bsp/\libhal_bsp.a(altera_avalon_jtag_uart_write.o)
                0x0000000000000374                altera_avalon_jtag_uart_write
 .text          0x00000000000003a8      0x130 ../l_bsp/\libhal_bsp.a(altera_up_avalon_video_character_buffer_with_dma.o)
                0x00000000000003a8                alt_up_char_buffer_init
                0x00000000000003f4                alt_up_char_buffer_open_dev
                0x00000000000003fc                alt_up_char_buffer_draw
                0x000000000000044c                alt_up_char_buffer_string
                0x00000000000004b8                alt_up_char_buffer_clear
 .text          0x00000000000004d8       0x18 ../l_bsp/\libhal_bsp.a(alt_dcache_flush_all.o)
                0x00000000000004d8                alt_dcache_flush_all
 .text          0x00000000000004f0        0x8 ../l_bsp/\libhal_bsp.a(alt_dev.o)
 .text          0x00000000000004f8       0x6c ../l_bsp/\libhal_bsp.a(alt_dev_llist_insert.o)
                0x00000000000004f8                alt_dev_llist_insert
 .text          0x0000000000000564        0x0 ../l_bsp/\libhal_bsp.a(alt_errno.o)
 .text          0x0000000000000564       0x74 ../l_bsp/\libhal_bsp.a(alt_find_dev.o)
                0x0000000000000564                alt_find_dev
 .text          0x00000000000005d8        0xc ../l_bsp/\libhal_bsp.a(alt_icache_flush_all.o)
                0x00000000000005d8                alt_icache_flush_all
 .text          0x00000000000005e4        0x8 ../l_bsp/\libhal_bsp.a(altera_nios2_gen2_irq.o)
                0x00000000000005e4                altera_nios2_gen2_irq_init
 .text          0x00000000000005ec       0x38 ../l_bsp/\libhal_bsp.a(alt_icache_flush.o)
                0x00000000000005ec                alt_icache_flush
 .text          0x0000000000000624        0x0 c:/intelfpga_lite/18.1/nios2eds/bin/gnu/h-x86_64-mingw32/bin/../lib/gcc/nios2-elf/5.3.0/../../../../../H-x86_64-mingw32/nios2-elf/lib\libsmallc.a(lib_a-int_errno.o)
 .text          0x0000000000000624        0x0 c:/intelfpga_lite/18.1/nios2eds/bin/gnu/h-x86_64-mingw32/bin/../lib/gcc/nios2-elf/5.3.0/../../../../../H-x86_64-mingw32/nios2-elf/lib\libsmallc.a(lib_a-memcmp.o)
 .text.memcmp   0x0000000000000624       0x30 c:/intelfpga_lite/18.1/nios2eds/bin/gnu/h-x86_64-mingw32/bin/../lib/gcc/nios2-elf/5.3.0/../../../../../H-x86_64-mingw32/nios2-elf/lib\libsmallc.a(lib_a-memcmp.o)
                0x0000000000000624                memcmp
 .text          0x0000000000000654        0x0 c:/intelfpga_lite/18.1/nios2eds/bin/gnu/h-x86_64-mingw32/bin/../lib/gcc/nios2-elf/5.3.0/../../../../../H-x86_64-mingw32/nios2-elf/lib\libsmallc.a(lib_a-strcmp.o)
 .text.strcmp   0x0000000000000654       0x38 c:/intelfpga_lite/18.1/nios2eds/bin/gnu/h-x86_64-mingw32/bin/../lib/gcc/nios2-elf/5.3.0/../../../../../H-x86_64-mingw32/nios2-elf/lib\libsmallc.a(lib_a-strcmp.o)
                0x0000000000000654                strcmp
 .text          0x000000000000068c        0x0 c:/intelfpga_lite/18.1/nios2eds/bin/gnu/h-x86_64-mingw32/bin/../lib/gcc/nios2-elf/5.3.0/../../../../../H-x86_64-mingw32/nios2-elf/lib\libsmallc.a(lib_a-strlen.o)
 .text.strlen   0x000000000000068c       0x1c c:/intelfpga_lite/18.1/nios2eds/bin/gnu/h-x86_64-mingw32/bin/../lib/gcc/nios2-elf/5.3.0/../../../../../H-x86_64-mingw32/nios2-elf/lib\libsmallc.a(lib_a-strlen.o)
                0x000000000000068c                strlen
 *(.gnu.warning.*)
 *(.fini)
                [!provide]                        PROVIDE (__etext, ABSOLUTE (.))
                [!provide]                        PROVIDE (_etext, ABSOLUTE (.))
                [!provide]                        PROVIDE (etext, ABSOLUTE (.))
 *(.eh_frame_hdr)
                0x00000000000006a8                . = ALIGN (0x4)
                [!provide]                        PROVIDE (__preinit_array_start, ABSOLUTE (.))
 *(.preinit_array)
                [!provide]                        PROVIDE (__preinit_array_end, ABSOLUTE (.))
                [!provide]                        PROVIDE (__init_array_start, ABSOLUTE (.))
 *(.init_array)
                [!provide]                        PROVIDE (__init_array_end, ABSOLUTE (.))
                [!provide]                        PROVIDE (__fini_array_start, ABSOLUTE (.))
 *(.fini_array)
                [!provide]                        PROVIDE (__fini_array_end, ABSOLUTE (.))
 *(.eh_frame)
 *(.gcc_except_table .gcc_except_table.*)
 *(.dynamic)
                [!provide]                        PROVIDE (__CTOR_LIST__, ABSOLUTE (.))
 *(.ctors)
 *(SORT(.ctors.*))
                [!provide]                        PROVIDE (__CTOR_END__, ABSOLUTE (.))
                [!provide]                        PROVIDE (__DTOR_LIST__, ABSOLUTE (.))
 *(.dtors)
 *(SORT(.dtors.*))
                [!provide]                        PROVIDE (__DTOR_END__, ABSOLUTE (.))
 *(.jcr)
                0x00000000000006a8                . = ALIGN (0x4)

.rodata         0x00000000000006a8       0x78
                0x00000000000006a8                PROVIDE (__ram_rodata_start, ABSOLUTE (.))
                0x00000000000006a8                . = ALIGN (0x4)
 *(.rodata .rodata.* .gnu.linkonce.r.*)
 .rodata.str1.4
                0x00000000000006a8       0x15 obj/default/hello_world_small.o
 *fill*         0x00000000000006bd        0x3 
 .rodata.str1.4
                0x00000000000006c0       0x52 ../l_bsp/\libhal_bsp.a(alt_sys_init.o)
 .rodata.str1.4
                0x0000000000000712       0x52 ../l_bsp/\libhal_bsp.a(altera_up_avalon_video_character_buffer_with_dma.o)
                                         0x1a (size before relaxing)
 *fill*         0x0000000000000712        0x2 
 .rodata.str1.4
                0x0000000000000714        0xc ../l_bsp/\libhal_bsp.a(alt_dev.o)
                                          0xa (size before relaxing)
 *(.rodata1)
                0x0000000000000720                . = ALIGN (0x4)
                0x0000000000000720                PROVIDE (__ram_rodata_end, ABSOLUTE (.))
                0x00000000000006a8                PROVIDE (__flash_rodata_start, LOADADDR (.rodata))

.rwdata         0x0000000000000720      0x154 load address 0x0000000000000874
                0x0000000000000720                PROVIDE (__ram_rwdata_start, ABSOLUTE (.))
                0x0000000000000720                . = ALIGN (0x4)
 *(.got.plt)
 *(.got)
 *(.data1)
 *(.data .data.* .gnu.linkonce.d.*)
 .data          0x0000000000000720        0x0 ../l_bsp//obj/HAL/src/crt0.o
 .data          0x0000000000000720        0x0 obj/default/hello_world_small.o
 .data          0x0000000000000720        0x0 ../l_bsp/\libhal_bsp.a(alt_load.o)
 .data          0x0000000000000720        0x0 ../l_bsp/\libhal_bsp.a(alt_main.o)
 .data          0x0000000000000720        0x0 ../l_bsp/\libhal_bsp.a(alt_putstr.o)
 .data          0x0000000000000720       0xe0 ../l_bsp/\libhal_bsp.a(alt_sys_init.o)
 .data          0x0000000000000800        0x0 ../l_bsp/\libhal_bsp.a(altera_avalon_jtag_uart_write.o)
 .data          0x0000000000000800        0x0 ../l_bsp/\libhal_bsp.a(altera_up_avalon_video_character_buffer_with_dma.o)
 .data          0x0000000000000800        0x0 ../l_bsp/\libhal_bsp.a(alt_dcache_flush_all.o)
 .data          0x0000000000000800       0x58 ../l_bsp/\libhal_bsp.a(alt_dev.o)
                0x0000000000000800                alt_fd_list
                0x0000000000000830                alt_dev_null
 .data          0x0000000000000858        0x0 ../l_bsp/\libhal_bsp.a(alt_dev_llist_insert.o)
 .data          0x0000000000000858        0x0 ../l_bsp/\libhal_bsp.a(alt_errno.o)
 .data          0x0000000000000858        0x0 ../l_bsp/\libhal_bsp.a(alt_find_dev.o)
 .data          0x0000000000000858        0x0 ../l_bsp/\libhal_bsp.a(alt_icache_flush_all.o)
 .data          0x0000000000000858        0x0 ../l_bsp/\libhal_bsp.a(altera_nios2_gen2_irq.o)
 .data          0x0000000000000858        0x0 ../l_bsp/\libhal_bsp.a(alt_icache_flush.o)
 .data          0x0000000000000858        0x0 c:/intelfpga_lite/18.1/nios2eds/bin/gnu/h-x86_64-mingw32/bin/../lib/gcc/nios2-elf/5.3.0/../../../../../H-x86_64-mingw32/nios2-elf/lib\libsmallc.a(lib_a-int_errno.o)
 .data          0x0000000000000858        0x0 c:/intelfpga_lite/18.1/nios2eds/bin/gnu/h-x86_64-mingw32/bin/../lib/gcc/nios2-elf/5.3.0/../../../../../H-x86_64-mingw32/nios2-elf/lib\libsmallc.a(lib_a-memcmp.o)
 .data          0x0000000000000858        0x0 c:/intelfpga_lite/18.1/nios2eds/bin/gnu/h-x86_64-mingw32/bin/../lib/gcc/nios2-elf/5.3.0/../../../../../H-x86_64-mingw32/nios2-elf/lib\libsmallc.a(lib_a-strcmp.o)
 .data          0x0000000000000858        0x0 c:/intelfpga_lite/18.1/nios2eds/bin/gnu/h-x86_64-mingw32/bin/../lib/gcc/nios2-elf/5.3.0/../../../../../H-x86_64-mingw32/nios2-elf/lib\libsmallc.a(lib_a-strlen.o)
                0x0000000000008858                _gp = ABSOLUTE ((. + 0x8000))
                [!provide]                        PROVIDE (gp, _gp)
 *(.rwdata .rwdata.*)
 *(.sdata .sdata.* .gnu.linkonce.s.*)
 .sdata         0x0000000000000858        0x4 ../l_bsp/\libhal_bsp.a(alt_sys_init.o)
                0x0000000000000858                JTAG
 .sdata         0x000000000000085c       0x14 ../l_bsp/\libhal_bsp.a(alt_dev.o)
                0x000000000000085c                alt_max_fd
                0x0000000000000860                alt_dev_list
                0x0000000000000868                alt_fs_list
 .sdata         0x0000000000000870        0x4 ../l_bsp/\libhal_bsp.a(alt_errno.o)
                0x0000000000000870                alt_errno
 *(.sdata2 .sdata2.* .gnu.linkonce.s2.*)
                0x0000000000000874                . = ALIGN (0x4)
                0x0000000000000874                _edata = ABSOLUTE (.)
                [!provide]                        PROVIDE (edata, ABSOLUTE (.))
                0x0000000000000874                PROVIDE (__ram_rwdata_end, ABSOLUTE (.))
                0x0000000000000874                PROVIDE (__flash_rwdata_start, LOADADDR (.rwdata))

.bss            0x00000000000009c8       0x10
                0x00000000000009c8                __bss_start = ABSOLUTE (.)
                [!provide]                        PROVIDE (__sbss_start, ABSOLUTE (.))
                [!provide]                        PROVIDE (___sbss_start, ABSOLUTE (.))
 *(.dynsbss)
 *(.sbss .sbss.* .gnu.linkonce.sb.*)
 .sbss          0x00000000000009c8        0xc ../l_bsp/\libhal_bsp.a(alt_main.o)
                0x00000000000009c8                alt_envp
                0x00000000000009cc                alt_argv
                0x00000000000009d0                alt_argc
 .sbss          0x00000000000009d4        0x4 c:/intelfpga_lite/18.1/nios2eds/bin/gnu/h-x86_64-mingw32/bin/../lib/gcc/nios2-elf/5.3.0/../../../../../H-x86_64-mingw32/nios2-elf/lib\libsmallc.a(lib_a-int_errno.o)
                0x00000000000009d4                errno
 *(.sbss2 .sbss2.* .gnu.linkonce.sb2.*)
 *(.scommon)
                [!provide]                        PROVIDE (__sbss_end, ABSOLUTE (.))
                [!provide]                        PROVIDE (___sbss_end, ABSOLUTE (.))
 *(.dynbss)
 *(.bss .bss.* .gnu.linkonce.b.*)
 .bss           0x00000000000009d8        0x0 ../l_bsp//obj/HAL/src/crt0.o
 .bss           0x00000000000009d8        0x0 obj/default/hello_world_small.o
 .bss           0x00000000000009d8        0x0 ../l_bsp/\libhal_bsp.a(alt_load.o)
 .bss           0x00000000000009d8        0x0 ../l_bsp/\libhal_bsp.a(alt_main.o)
 .bss           0x00000000000009d8        0x0 ../l_bsp/\libhal_bsp.a(alt_putstr.o)
 .bss           0x00000000000009d8        0x0 ../l_bsp/\libhal_bsp.a(alt_sys_init.o)
 .bss           0x00000000000009d8        0x0 ../l_bsp/\libhal_bsp.a(altera_avalon_jtag_uart_write.o)
 .bss           0x00000000000009d8        0x0 ../l_bsp/\libhal_bsp.a(altera_up_avalon_video_character_buffer_with_dma.o)
 .bss           0x00000000000009d8        0x0 ../l_bsp/\libhal_bsp.a(alt_dcache_flush_all.o)
 .bss           0x00000000000009d8        0x0 ../l_bsp/\libhal_bsp.a(alt_dev.o)
 .bss           0x00000000000009d8        0x0 ../l_bsp/\libhal_bsp.a(alt_dev_llist_insert.o)
 .bss           0x00000000000009d8        0x0 ../l_bsp/\libhal_bsp.a(alt_errno.o)
 .bss           0x00000000000009d8        0x0 ../l_bsp/\libhal_bsp.a(alt_find_dev.o)
 .bss           0x00000000000009d8        0x0 ../l_bsp/\libhal_bsp.a(alt_icache_flush_all.o)
 .bss           0x00000000000009d8        0x0 ../l_bsp/\libhal_bsp.a(altera_nios2_gen2_irq.o)
 .bss           0x00000000000009d8        0x0 ../l_bsp/\libhal_bsp.a(alt_icache_flush.o)
 .bss           0x00000000000009d8        0x0 c:/intelfpga_lite/18.1/nios2eds/bin/gnu/h-x86_64-mingw32/bin/../lib/gcc/nios2-elf/5.3.0/../../../../../H-x86_64-mingw32/nios2-elf/lib\libsmallc.a(lib_a-int_errno.o)
 .bss           0x00000000000009d8        0x0 c:/intelfpga_lite/18.1/nios2eds/bin/gnu/h-x86_64-mingw32/bin/../lib/gcc/nios2-elf/5.3.0/../../../../../H-x86_64-mingw32/nios2-elf/lib\libsmallc.a(lib_a-memcmp.o)
 .bss           0x00000000000009d8        0x0 c:/intelfpga_lite/18.1/nios2eds/bin/gnu/h-x86_64-mingw32/bin/../lib/gcc/nios2-elf/5.3.0/../../../../../H-x86_64-mingw32/nios2-elf/lib\libsmallc.a(lib_a-strcmp.o)
 .bss           0x00000000000009d8        0x0 c:/intelfpga_lite/18.1/nios2eds/bin/gnu/h-x86_64-mingw32/bin/../lib/gcc/nios2-elf/5.3.0/../../../../../H-x86_64-mingw32/nios2-elf/lib\libsmallc.a(lib_a-strlen.o)
 *(COMMON)
                0x00000000000009d8                . = ALIGN (0x4)
                0x00000000000009d8                __bss_end = ABSOLUTE (.)

.SDRAM          0x00000000000009d8        0x0
                [!provide]                        PROVIDE (_alt_partition_SDRAM_start, ABSOLUTE (.))
 *(.SDRAM .SDRAM. SDRAM.*)
                0x00000000000009d8                . = ALIGN (0x4)
                [!provide]                        PROVIDE (_alt_partition_SDRAM_end, ABSOLUTE (.))
                0x00000000000009d8                _end = ABSOLUTE (.)
                0x00000000000009d8                end = ABSOLUTE (.)
                0x00000000000009d8                __alt_stack_base = ABSOLUTE (.)
                [!provide]                        PROVIDE (_alt_partition_SDRAM_load_addr, LOADADDR (.SDRAM))

.Onchip_Memory  0x0000000004020020        0x0 load address 0x00000000000009d8
                [!provide]                        PROVIDE (_alt_partition_Onchip_Memory_start, ABSOLUTE (.))
 *(.Onchip_Memory .Onchip_Memory. Onchip_Memory.*)
                0x0000000004020020                . = ALIGN (0x4)
                [!provide]                        PROVIDE (_alt_partition_Onchip_Memory_end, ABSOLUTE (.))
                [!provide]                        PROVIDE (_alt_partition_Onchip_Memory_load_addr, LOADADDR (.Onchip_Memory))

.stab
 *(.stab)

.stabstr
 *(.stabstr)

.stab.excl
 *(.stab.excl)

.stab.exclstr
 *(.stab.exclstr)

.stab.index
 *(.stab.index)

.stab.indexstr
 *(.stab.indexstr)

.comment        0x0000000000000000       0x23
 *(.comment)
 .comment       0x0000000000000000       0x23 obj/default/hello_world_small.o
                                         0x24 (size before relaxing)
 .comment       0x0000000000000023       0x24 ../l_bsp/\libhal_bsp.a(alt_load.o)
 .comment       0x0000000000000023       0x24 ../l_bsp/\libhal_bsp.a(alt_main.o)
 .comment       0x0000000000000023       0x24 ../l_bsp/\libhal_bsp.a(alt_putstr.o)
 .comment       0x0000000000000023       0x24 ../l_bsp/\libhal_bsp.a(alt_sys_init.o)
 .comment       0x0000000000000023       0x24 ../l_bsp/\libhal_bsp.a(altera_avalon_jtag_uart_write.o)
 .comment       0x0000000000000023       0x24 ../l_bsp/\libhal_bsp.a(altera_up_avalon_video_character_buffer_with_dma.o)
 .comment       0x0000000000000023       0x24 ../l_bsp/\libhal_bsp.a(alt_dcache_flush_all.o)
 .comment       0x0000000000000023       0x24 ../l_bsp/\libhal_bsp.a(alt_dev.o)
 .comment       0x0000000000000023       0x24 ../l_bsp/\libhal_bsp.a(alt_dev_llist_insert.o)
 .comment       0x0000000000000023       0x24 ../l_bsp/\libhal_bsp.a(alt_errno.o)
 .comment       0x0000000000000023       0x24 ../l_bsp/\libhal_bsp.a(alt_find_dev.o)
 .comment       0x0000000000000023       0x24 ../l_bsp/\libhal_bsp.a(alt_icache_flush_all.o)
 .comment       0x0000000000000023       0x24 ../l_bsp/\libhal_bsp.a(altera_nios2_gen2_irq.o)
 .comment       0x0000000000000023       0x24 ../l_bsp/\libhal_bsp.a(alt_icache_flush.o)
 .comment       0x0000000000000023       0x24 c:/intelfpga_lite/18.1/nios2eds/bin/gnu/h-x86_64-mingw32/bin/../lib/gcc/nios2-elf/5.3.0/../../../../../H-x86_64-mingw32/nios2-elf/lib\libsmallc.a(lib_a-int_errno.o)
 .comment       0x0000000000000023       0x24 c:/intelfpga_lite/18.1/nios2eds/bin/gnu/h-x86_64-mingw32/bin/../lib/gcc/nios2-elf/5.3.0/../../../../../H-x86_64-mingw32/nios2-elf/lib\libsmallc.a(lib_a-memcmp.o)
 .comment       0x0000000000000023       0x24 c:/intelfpga_lite/18.1/nios2eds/bin/gnu/h-x86_64-mingw32/bin/../lib/gcc/nios2-elf/5.3.0/../../../../../H-x86_64-mingw32/nios2-elf/lib\libsmallc.a(lib_a-strcmp.o)
 .comment       0x0000000000000023       0x24 c:/intelfpga_lite/18.1/nios2eds/bin/gnu/h-x86_64-mingw32/bin/../lib/gcc/nios2-elf/5.3.0/../../../../../H-x86_64-mingw32/nios2-elf/lib\libsmallc.a(lib_a-strlen.o)

.debug
 *(.debug)

.line
 *(.line)

.debug_srcinfo
 *(.debug_srcinfo)

.debug_sfnames
 *(.debug_sfnames)

.debug_aranges  0x0000000000000000      0x278
 *(.debug_aranges)
 .debug_aranges
                0x0000000000000000       0x28 ../l_bsp//obj/HAL/src/crt0.o
 .debug_aranges
                0x0000000000000028       0x20 obj/default/hello_world_small.o
 .debug_aranges
                0x0000000000000048       0x20 ../l_bsp/\libhal_bsp.a(alt_load.o)
 .debug_aranges
                0x0000000000000068       0x20 ../l_bsp/\libhal_bsp.a(alt_main.o)
 .debug_aranges
                0x0000000000000088       0x20 ../l_bsp/\libhal_bsp.a(alt_putstr.o)
 .debug_aranges
                0x00000000000000a8       0x20 ../l_bsp/\libhal_bsp.a(alt_sys_init.o)
 .debug_aranges
                0x00000000000000c8       0x20 ../l_bsp/\libhal_bsp.a(altera_avalon_jtag_uart_write.o)
 .debug_aranges
                0x00000000000000e8       0x20 ../l_bsp/\libhal_bsp.a(altera_up_avalon_video_character_buffer_with_dma.o)
 .debug_aranges
                0x0000000000000108       0x20 ../l_bsp/\libhal_bsp.a(alt_dcache_flush_all.o)
 .debug_aranges
                0x0000000000000128       0x20 ../l_bsp/\libhal_bsp.a(alt_dev.o)
 .debug_aranges
                0x0000000000000148       0x20 ../l_bsp/\libhal_bsp.a(alt_dev_llist_insert.o)
 .debug_aranges
                0x0000000000000168       0x18 ../l_bsp/\libhal_bsp.a(alt_errno.o)
 .debug_aranges
                0x0000000000000180       0x20 ../l_bsp/\libhal_bsp.a(alt_find_dev.o)
 .debug_aranges
                0x00000000000001a0       0x20 ../l_bsp/\libhal_bsp.a(alt_icache_flush_all.o)
 .debug_aranges
                0x00000000000001c0       0x20 ../l_bsp/\libhal_bsp.a(altera_nios2_gen2_irq.o)
 .debug_aranges
                0x00000000000001e0       0x20 ../l_bsp/\libhal_bsp.a(alt_icache_flush.o)
 .debug_aranges
                0x0000000000000200       0x18 c:/intelfpga_lite/18.1/nios2eds/bin/gnu/h-x86_64-mingw32/bin/../lib/gcc/nios2-elf/5.3.0/../../../../../H-x86_64-mingw32/nios2-elf/lib\libsmallc.a(lib_a-int_errno.o)
 .debug_aranges
                0x0000000000000218       0x20 c:/intelfpga_lite/18.1/nios2eds/bin/gnu/h-x86_64-mingw32/bin/../lib/gcc/nios2-elf/5.3.0/../../../../../H-x86_64-mingw32/nios2-elf/lib\libsmallc.a(lib_a-memcmp.o)
 .debug_aranges
                0x0000000000000238       0x20 c:/intelfpga_lite/18.1/nios2eds/bin/gnu/h-x86_64-mingw32/bin/../lib/gcc/nios2-elf/5.3.0/../../../../../H-x86_64-mingw32/nios2-elf/lib\libsmallc.a(lib_a-strcmp.o)
 .debug_aranges
                0x0000000000000258       0x20 c:/intelfpga_lite/18.1/nios2eds/bin/gnu/h-x86_64-mingw32/bin/../lib/gcc/nios2-elf/5.3.0/../../../../../H-x86_64-mingw32/nios2-elf/lib\libsmallc.a(lib_a-strlen.o)

.debug_pubnames
 *(.debug_pubnames)

.debug_info     0x0000000000000000     0x220b
 *(.debug_info .gnu.linkonce.wi.*)
 .debug_info    0x0000000000000000       0x7f ../l_bsp//obj/HAL/src/crt0.o
 .debug_info    0x000000000000007f       0x65 obj/default/hello_world_small.o
 .debug_info    0x00000000000000e4      0x1c9 ../l_bsp/\libhal_bsp.a(alt_load.o)
 .debug_info    0x00000000000002ad      0x169 ../l_bsp/\libhal_bsp.a(alt_main.o)
 .debug_info    0x0000000000000416      0x13a ../l_bsp/\libhal_bsp.a(alt_putstr.o)
 .debug_info    0x0000000000000550      0x687 ../l_bsp/\libhal_bsp.a(alt_sys_init.o)
 .debug_info    0x0000000000000bd7      0x197 ../l_bsp/\libhal_bsp.a(altera_avalon_jtag_uart_write.o)
 .debug_info    0x0000000000000d6e      0x4ab ../l_bsp/\libhal_bsp.a(altera_up_avalon_video_character_buffer_with_dma.o)
 .debug_info    0x0000000000001219       0xa6 ../l_bsp/\libhal_bsp.a(alt_dcache_flush_all.o)
 .debug_info    0x00000000000012bf      0x499 ../l_bsp/\libhal_bsp.a(alt_dev.o)
 .debug_info    0x0000000000001758      0x1b3 ../l_bsp/\libhal_bsp.a(alt_dev_llist_insert.o)
 .debug_info    0x000000000000190b       0xa6 ../l_bsp/\libhal_bsp.a(alt_errno.o)
 .debug_info    0x00000000000019b1      0x32d ../l_bsp/\libhal_bsp.a(alt_find_dev.o)
 .debug_info    0x0000000000001cde       0xb8 ../l_bsp/\libhal_bsp.a(alt_icache_flush_all.o)
 .debug_info    0x0000000000001d96       0x92 ../l_bsp/\libhal_bsp.a(altera_nios2_gen2_irq.o)
 .debug_info    0x0000000000001e28       0xde ../l_bsp/\libhal_bsp.a(alt_icache_flush.o)
 .debug_info    0x0000000000001f06       0x8a c:/intelfpga_lite/18.1/nios2eds/bin/gnu/h-x86_64-mingw32/bin/../lib/gcc/nios2-elf/5.3.0/../../../../../H-x86_64-mingw32/nios2-elf/lib\libsmallc.a(lib_a-int_errno.o)
 .debug_info    0x0000000000001f90       0xf4 c:/intelfpga_lite/18.1/nios2eds/bin/gnu/h-x86_64-mingw32/bin/../lib/gcc/nios2-elf/5.3.0/../../../../../H-x86_64-mingw32/nios2-elf/lib\libsmallc.a(lib_a-memcmp.o)
 .debug_info    0x0000000000002084       0xbe c:/intelfpga_lite/18.1/nios2eds/bin/gnu/h-x86_64-mingw32/bin/../lib/gcc/nios2-elf/5.3.0/../../../../../H-x86_64-mingw32/nios2-elf/lib\libsmallc.a(lib_a-strcmp.o)
 .debug_info    0x0000000000002142       0xc9 c:/intelfpga_lite/18.1/nios2eds/bin/gnu/h-x86_64-mingw32/bin/../lib/gcc/nios2-elf/5.3.0/../../../../../H-x86_64-mingw32/nios2-elf/lib\libsmallc.a(lib_a-strlen.o)

.debug_abbrev   0x0000000000000000      0xdff
 *(.debug_abbrev)
 .debug_abbrev  0x0000000000000000       0x12 ../l_bsp//obj/HAL/src/crt0.o
 .debug_abbrev  0x0000000000000012       0x64 obj/default/hello_world_small.o
 .debug_abbrev  0x0000000000000076       0xd8 ../l_bsp/\libhal_bsp.a(alt_load.o)
 .debug_abbrev  0x000000000000014e       0xee ../l_bsp/\libhal_bsp.a(alt_main.o)
 .debug_abbrev  0x000000000000023c       0xd3 ../l_bsp/\libhal_bsp.a(alt_putstr.o)
 .debug_abbrev  0x000000000000030f      0x1fe ../l_bsp/\libhal_bsp.a(alt_sys_init.o)
 .debug_abbrev  0x000000000000050d       0xd5 ../l_bsp/\libhal_bsp.a(altera_avalon_jtag_uart_write.o)
 .debug_abbrev  0x00000000000005e2      0x16b ../l_bsp/\libhal_bsp.a(altera_up_avalon_video_character_buffer_with_dma.o)
 .debug_abbrev  0x000000000000074d       0x5a ../l_bsp/\libhal_bsp.a(alt_dcache_flush_all.o)
 .debug_abbrev  0x00000000000007a7       0xd9 ../l_bsp/\libhal_bsp.a(alt_dev.o)
 .debug_abbrev  0x0000000000000880      0x11c ../l_bsp/\libhal_bsp.a(alt_dev_llist_insert.o)
 .debug_abbrev  0x000000000000099c       0x5a ../l_bsp/\libhal_bsp.a(alt_errno.o)
 .debug_abbrev  0x00000000000009f6      0x125 ../l_bsp/\libhal_bsp.a(alt_find_dev.o)
 .debug_abbrev  0x0000000000000b1b       0x6f ../l_bsp/\libhal_bsp.a(alt_icache_flush_all.o)
 .debug_abbrev  0x0000000000000b8a       0x42 ../l_bsp/\libhal_bsp.a(altera_nios2_gen2_irq.o)
 .debug_abbrev  0x0000000000000bcc       0x9b ../l_bsp/\libhal_bsp.a(alt_icache_flush.o)
 .debug_abbrev  0x0000000000000c67       0x37 c:/intelfpga_lite/18.1/nios2eds/bin/gnu/h-x86_64-mingw32/bin/../lib/gcc/nios2-elf/5.3.0/../../../../../H-x86_64-mingw32/nios2-elf/lib\libsmallc.a(lib_a-int_errno.o)
 .debug_abbrev  0x0000000000000c9e       0x7f c:/intelfpga_lite/18.1/nios2eds/bin/gnu/h-x86_64-mingw32/bin/../lib/gcc/nios2-elf/5.3.0/../../../../../H-x86_64-mingw32/nios2-elf/lib\libsmallc.a(lib_a-memcmp.o)
 .debug_abbrev  0x0000000000000d1d       0x63 c:/intelfpga_lite/18.1/nios2eds/bin/gnu/h-x86_64-mingw32/bin/../lib/gcc/nios2-elf/5.3.0/../../../../../H-x86_64-mingw32/nios2-elf/lib\libsmallc.a(lib_a-strcmp.o)
 .debug_abbrev  0x0000000000000d80       0x7f c:/intelfpga_lite/18.1/nios2eds/bin/gnu/h-x86_64-mingw32/bin/../lib/gcc/nios2-elf/5.3.0/../../../../../H-x86_64-mingw32/nios2-elf/lib\libsmallc.a(lib_a-strlen.o)

.debug_line     0x0000000000000000     0x1061
 *(.debug_line)
 .debug_line    0x0000000000000000       0x72 ../l_bsp//obj/HAL/src/crt0.o
 .debug_line    0x0000000000000072       0x6e obj/default/hello_world_small.o
 .debug_line    0x00000000000000e0       0xa4 ../l_bsp/\libhal_bsp.a(alt_load.o)
 .debug_line    0x0000000000000184       0xbd ../l_bsp/\libhal_bsp.a(alt_main.o)
 .debug_line    0x0000000000000241       0xa0 ../l_bsp/\libhal_bsp.a(alt_putstr.o)
 .debug_line    0x00000000000002e1      0x23a ../l_bsp/\libhal_bsp.a(alt_sys_init.o)
 .debug_line    0x000000000000051b       0xf0 ../l_bsp/\libhal_bsp.a(altera_avalon_jtag_uart_write.o)
 .debug_line    0x000000000000060b      0x1a5 ../l_bsp/\libhal_bsp.a(altera_up_avalon_video_character_buffer_with_dma.o)
 .debug_line    0x00000000000007b0       0x5a ../l_bsp/\libhal_bsp.a(alt_dcache_flush_all.o)
 .debug_line    0x000000000000080a       0xf6 ../l_bsp/\libhal_bsp.a(alt_dev.o)
 .debug_line    0x0000000000000900       0xd8 ../l_bsp/\libhal_bsp.a(alt_dev_llist_insert.o)
 .debug_line    0x00000000000009d8       0x51 ../l_bsp/\libhal_bsp.a(alt_errno.o)
 .debug_line    0x0000000000000a29      0x107 ../l_bsp/\libhal_bsp.a(alt_find_dev.o)
 .debug_line    0x0000000000000b30       0x6e ../l_bsp/\libhal_bsp.a(alt_icache_flush_all.o)
 .debug_line    0x0000000000000b9e       0x50 ../l_bsp/\libhal_bsp.a(altera_nios2_gen2_irq.o)
 .debug_line    0x0000000000000bee       0x7d ../l_bsp/\libhal_bsp.a(alt_icache_flush.o)
 .debug_line    0x0000000000000c6b       0x5c c:/intelfpga_lite/18.1/nios2eds/bin/gnu/h-x86_64-mingw32/bin/../lib/gcc/nios2-elf/5.3.0/../../../../../H-x86_64-mingw32/nios2-elf/lib\libsmallc.a(lib_a-int_errno.o)
 .debug_line    0x0000000000000cc7      0x15d c:/intelfpga_lite/18.1/nios2eds/bin/gnu/h-x86_64-mingw32/bin/../lib/gcc/nios2-elf/5.3.0/../../../../../H-x86_64-mingw32/nios2-elf/lib\libsmallc.a(lib_a-memcmp.o)
 .debug_line    0x0000000000000e24       0xe4 c:/intelfpga_lite/18.1/nios2eds/bin/gnu/h-x86_64-mingw32/bin/../lib/gcc/nios2-elf/5.3.0/../../../../../H-x86_64-mingw32/nios2-elf/lib\libsmallc.a(lib_a-strcmp.o)
 .debug_line    0x0000000000000f08      0x159 c:/intelfpga_lite/18.1/nios2eds/bin/gnu/h-x86_64-mingw32/bin/../lib/gcc/nios2-elf/5.3.0/../../../../../H-x86_64-mingw32/nios2-elf/lib\libsmallc.a(lib_a-strlen.o)

.debug_frame    0x0000000000000000      0x2f8
 *(.debug_frame)
 .debug_frame   0x0000000000000000       0x28 obj/default/hello_world_small.o
 .debug_frame   0x0000000000000028       0x30 ../l_bsp/\libhal_bsp.a(alt_load.o)
 .debug_frame   0x0000000000000058       0x2c ../l_bsp/\libhal_bsp.a(alt_main.o)
 .debug_frame   0x0000000000000084       0x30 ../l_bsp/\libhal_bsp.a(alt_putstr.o)
 .debug_frame   0x00000000000000b4       0x4c ../l_bsp/\libhal_bsp.a(alt_sys_init.o)
 .debug_frame   0x0000000000000100       0x20 ../l_bsp/\libhal_bsp.a(altera_avalon_jtag_uart_write.o)
 .debug_frame   0x0000000000000120       0x70 ../l_bsp/\libhal_bsp.a(altera_up_avalon_video_character_buffer_with_dma.o)
 .debug_frame   0x0000000000000190       0x20 ../l_bsp/\libhal_bsp.a(alt_dcache_flush_all.o)
 .debug_frame   0x00000000000001b0       0x20 ../l_bsp/\libhal_bsp.a(alt_dev.o)
 .debug_frame   0x00000000000001d0       0x2c ../l_bsp/\libhal_bsp.a(alt_dev_llist_insert.o)
 .debug_frame   0x00000000000001fc       0x3c ../l_bsp/\libhal_bsp.a(alt_find_dev.o)
 .debug_frame   0x0000000000000238       0x20 ../l_bsp/\libhal_bsp.a(alt_icache_flush_all.o)
 .debug_frame   0x0000000000000258       0x20 ../l_bsp/\libhal_bsp.a(altera_nios2_gen2_irq.o)
 .debug_frame   0x0000000000000278       0x20 ../l_bsp/\libhal_bsp.a(alt_icache_flush.o)
 .debug_frame   0x0000000000000298       0x20 c:/intelfpga_lite/18.1/nios2eds/bin/gnu/h-x86_64-mingw32/bin/../lib/gcc/nios2-elf/5.3.0/../../../../../H-x86_64-mingw32/nios2-elf/lib\libsmallc.a(lib_a-memcmp.o)
 .debug_frame   0x00000000000002b8       0x20 c:/intelfpga_lite/18.1/nios2eds/bin/gnu/h-x86_64-mingw32/bin/../lib/gcc/nios2-elf/5.3.0/../../../../../H-x86_64-mingw32/nios2-elf/lib\libsmallc.a(lib_a-strcmp.o)
 .debug_frame   0x00000000000002d8       0x20 c:/intelfpga_lite/18.1/nios2eds/bin/gnu/h-x86_64-mingw32/bin/../lib/gcc/nios2-elf/5.3.0/../../../../../H-x86_64-mingw32/nios2-elf/lib\libsmallc.a(lib_a-strlen.o)

.debug_str      0x0000000000000000      0xba8
 *(.debug_str)
 .debug_str     0x0000000000000000       0xac obj/default/hello_world_small.o
                                         0xb1 (size before relaxing)
 .debug_str     0x00000000000000ac      0x1cb ../l_bsp/\libhal_bsp.a(alt_load.o)
                                        0x24a (size before relaxing)
 .debug_str     0x0000000000000277       0x8f ../l_bsp/\libhal_bsp.a(alt_main.o)
                                        0x1c3 (size before relaxing)
 .debug_str     0x0000000000000306       0x5f ../l_bsp/\libhal_bsp.a(alt_putstr.o)
                                        0x199 (size before relaxing)
 .debug_str     0x0000000000000365      0x2b7 ../l_bsp/\libhal_bsp.a(alt_sys_init.o)
                                        0x489 (size before relaxing)
 .debug_str     0x000000000000061c       0x32 ../l_bsp/\libhal_bsp.a(altera_avalon_jtag_uart_write.o)
                                        0x223 (size before relaxing)
 .debug_str     0x000000000000064e       0xcb ../l_bsp/\libhal_bsp.a(altera_up_avalon_video_character_buffer_with_dma.o)
                                        0x344 (size before relaxing)
 .debug_str     0x0000000000000719       0x1f ../l_bsp/\libhal_bsp.a(alt_dcache_flush_all.o)
                                        0x163 (size before relaxing)
 .debug_str     0x0000000000000738      0x12c ../l_bsp/\libhal_bsp.a(alt_dev.o)
                                        0x313 (size before relaxing)
 .debug_str     0x0000000000000864       0x4e ../l_bsp/\libhal_bsp.a(alt_dev_llist_insert.o)
                                        0x1da (size before relaxing)
 .debug_str     0x00000000000008b2       0x14 ../l_bsp/\libhal_bsp.a(alt_errno.o)
                                        0x153 (size before relaxing)
 .debug_str     0x00000000000008c6       0x1e ../l_bsp/\libhal_bsp.a(alt_find_dev.o)
                                        0x208 (size before relaxing)
 .debug_str     0x00000000000008e4       0x30 ../l_bsp/\libhal_bsp.a(alt_icache_flush_all.o)
                                        0x174 (size before relaxing)
 .debug_str     0x0000000000000914       0x20 ../l_bsp/\libhal_bsp.a(altera_nios2_gen2_irq.o)
                                        0x16a (size before relaxing)
 .debug_str     0x0000000000000934       0x1b ../l_bsp/\libhal_bsp.a(alt_icache_flush.o)
                                        0x169 (size before relaxing)
 .debug_str     0x000000000000094f      0x11a c:/intelfpga_lite/18.1/nios2eds/bin/gnu/h-x86_64-mingw32/bin/../lib/gcc/nios2-elf/5.3.0/../../../../../H-x86_64-mingw32/nios2-elf/lib\libsmallc.a(lib_a-int_errno.o)
                                        0x1be (size before relaxing)
 .debug_str     0x0000000000000a69       0xcb c:/intelfpga_lite/18.1/nios2eds/bin/gnu/h-x86_64-mingw32/bin/../lib/gcc/nios2-elf/5.3.0/../../../../../H-x86_64-mingw32/nios2-elf/lib\libsmallc.a(lib_a-memcmp.o)
                                        0x1c5 (size before relaxing)
 .debug_str     0x0000000000000b34       0x3a c:/intelfpga_lite/18.1/nios2eds/bin/gnu/h-x86_64-mingw32/bin/../lib/gcc/nios2-elf/5.3.0/../../../../../H-x86_64-mingw32/nios2-elf/lib\libsmallc.a(lib_a-strcmp.o)
                                        0x1be (size before relaxing)
 .debug_str     0x0000000000000b6e       0x3a c:/intelfpga_lite/18.1/nios2eds/bin/gnu/h-x86_64-mingw32/bin/../lib/gcc/nios2-elf/5.3.0/../../../../../H-x86_64-mingw32/nios2-elf/lib\libsmallc.a(lib_a-strlen.o)
                                        0x1cb (size before relaxing)

.debug_loc      0x0000000000000000      0x57b
 *(.debug_loc)
 .debug_loc     0x0000000000000000       0x37 ../l_bsp/\libhal_bsp.a(alt_putstr.o)
 .debug_loc     0x0000000000000037       0x77 ../l_bsp/\libhal_bsp.a(alt_sys_init.o)
 .debug_loc     0x00000000000000ae       0x8b ../l_bsp/\libhal_bsp.a(altera_avalon_jtag_uart_write.o)
 .debug_loc     0x0000000000000139      0x1e7 ../l_bsp/\libhal_bsp.a(altera_up_avalon_video_character_buffer_with_dma.o)
 .debug_loc     0x0000000000000320       0x1f ../l_bsp/\libhal_bsp.a(alt_dcache_flush_all.o)
 .debug_loc     0x000000000000033f       0x7e ../l_bsp/\libhal_bsp.a(alt_dev_llist_insert.o)
 .debug_loc     0x00000000000003bd       0x7e ../l_bsp/\libhal_bsp.a(alt_find_dev.o)
 .debug_loc     0x000000000000043b       0x52 ../l_bsp/\libhal_bsp.a(alt_icache_flush.o)
 .debug_loc     0x000000000000048d       0x94 c:/intelfpga_lite/18.1/nios2eds/bin/gnu/h-x86_64-mingw32/bin/../lib/gcc/nios2-elf/5.3.0/../../../../../H-x86_64-mingw32/nios2-elf/lib\libsmallc.a(lib_a-memcmp.o)
 .debug_loc     0x0000000000000521       0x3c c:/intelfpga_lite/18.1/nios2eds/bin/gnu/h-x86_64-mingw32/bin/../lib/gcc/nios2-elf/5.3.0/../../../../../H-x86_64-mingw32/nios2-elf/lib\libsmallc.a(lib_a-strcmp.o)
 .debug_loc     0x000000000000055d       0x1e c:/intelfpga_lite/18.1/nios2eds/bin/gnu/h-x86_64-mingw32/bin/../lib/gcc/nios2-elf/5.3.0/../../../../../H-x86_64-mingw32/nios2-elf/lib\libsmallc.a(lib_a-strlen.o)

.debug_macinfo
 *(.debug_macinfo)

.debug_weaknames
 *(.debug_weaknames)

.debug_funcnames
 *(.debug_funcnames)

.debug_typenames
 *(.debug_typenames)

.debug_varnames
 *(.debug_varnames)

.debug_alt_sim_info
                0x0000000000000000       0x30
 *(.debug_alt_sim_info)
 .debug_alt_sim_info
                0x0000000000000000       0x30 ../l_bsp//obj/HAL/src/crt0.o
                0x0000000004000000                __alt_data_end = 0x4000000
                0x0000000004000000                PROVIDE (__alt_stack_pointer, __alt_data_end)
                [!provide]                        PROVIDE (__alt_stack_limit, __alt_stack_base)
                [!provide]                        PROVIDE (__alt_heap_start, end)
                [!provide]                        PROVIDE (__alt_heap_limit, 0x4000000)
OUTPUT(l.elf elf32-littlenios2)

.debug_ranges   0x0000000000000000      0x110
 .debug_ranges  0x0000000000000000       0x20 ../l_bsp//obj/HAL/src/crt0.o
 .debug_ranges  0x0000000000000020       0x10 obj/default/hello_world_small.o
 .debug_ranges  0x0000000000000030       0x48 ../l_bsp/\libhal_bsp.a(alt_load.o)
 .debug_ranges  0x0000000000000078       0x38 ../l_bsp/\libhal_bsp.a(alt_sys_init.o)
 .debug_ranges  0x00000000000000b0       0x20 ../l_bsp/\libhal_bsp.a(alt_dev_llist_insert.o)
 .debug_ranges  0x00000000000000d0       0x10 ../l_bsp/\libhal_bsp.a(alt_icache_flush.o)
 .debug_ranges  0x00000000000000e0       0x10 c:/intelfpga_lite/18.1/nios2eds/bin/gnu/h-x86_64-mingw32/bin/../lib/gcc/nios2-elf/5.3.0/../../../../../H-x86_64-mingw32/nios2-elf/lib\libsmallc.a(lib_a-memcmp.o)
 .debug_ranges  0x00000000000000f0       0x10 c:/intelfpga_lite/18.1/nios2eds/bin/gnu/h-x86_64-mingw32/bin/../lib/gcc/nios2-elf/5.3.0/../../../../../H-x86_64-mingw32/nios2-elf/lib\libsmallc.a(lib_a-strcmp.o)
 .debug_ranges  0x0000000000000100       0x10 c:/intelfpga_lite/18.1/nios2eds/bin/gnu/h-x86_64-mingw32/bin/../lib/gcc/nios2-elf/5.3.0/../../../../../H-x86_64-mingw32/nios2-elf/lib\libsmallc.a(lib_a-strlen.o)
